Archive member included to satisfy reference by file (symbol)

e:/parallel education diploma/imt_sdk_win_64/winarm/armgcc/bin/../lib/gcc/arm-none-eabi/7.2.1/thumb/v7e-m\libgcc.a(_arm_addsubdf3.o)
                              ./src/COTS/HAL/UltraSonic/UltraSonic_program.o (__aeabi_f2d)
e:/parallel education diploma/imt_sdk_win_64/winarm/armgcc/bin/../lib/gcc/arm-none-eabi/7.2.1/thumb/v7e-m\libgcc.a(_arm_muldivdf3.o)
                              ./src/COTS/HAL/UltraSonic/UltraSonic_program.o (__aeabi_dmul)
e:/parallel education diploma/imt_sdk_win_64/winarm/armgcc/bin/../lib/gcc/arm-none-eabi/7.2.1/thumb/v7e-m\libgcc.a(_arm_truncdfsf2.o)
                              ./src/COTS/HAL/UltraSonic/UltraSonic_program.o (__aeabi_d2f)
e:/parallel education diploma/imt_sdk_win_64/winarm/armgcc/bin/../lib/gcc/arm-none-eabi/7.2.1/thumb/v7e-m\libgcc.a(_arm_addsubsf3.o)
                              ./src/COTS/HAL/UltraSonic/UltraSonic_program.o (__aeabi_ui2f)
e:/parallel education diploma/imt_sdk_win_64/winarm/armgcc/bin/../lib/gcc/arm-none-eabi/7.2.1/thumb/v7e-m\libgcc.a(_arm_cmpsf2.o)
                              ./src/COTS/APP/FCW/FCW_program.o (__aeabi_fcmplt)
e:/parallel education diploma/imt_sdk_win_64/winarm/armgcc/bin/../lib/gcc/arm-none-eabi/7.2.1/../../../../arm-none-eabi/lib/thumb/v7e-m\libg_nano.a(lib_a-errno.o)
                              ./system/src/newlib/_sbrk.o (__errno)
e:/parallel education diploma/imt_sdk_win_64/winarm/armgcc/bin/../lib/gcc/arm-none-eabi/7.2.1/../../../../arm-none-eabi/lib/thumb/v7e-m\libg_nano.a(lib_a-impure.o)
                              e:/parallel education diploma/imt_sdk_win_64/winarm/armgcc/bin/../lib/gcc/arm-none-eabi/7.2.1/../../../../arm-none-eabi/lib/thumb/v7e-m\libg_nano.a(lib_a-errno.o) (_impure_ptr)
e:/parallel education diploma/imt_sdk_win_64/winarm/armgcc/bin/../lib/gcc/arm-none-eabi/7.2.1/../../../../arm-none-eabi/lib/thumb/v7e-m\libg_nano.a(lib_a-itoa.o)
                              ./src/COTS/APP/Mob_APP/Mob_APP_program.o (itoa)
e:/parallel education diploma/imt_sdk_win_64/winarm/armgcc/bin/../lib/gcc/arm-none-eabi/7.2.1/../../../../arm-none-eabi/lib/thumb/v7e-m\libg_nano.a(lib_a-strcat.o)
                              ./src/COTS/APP/Mob_APP/Mob_APP_program.o (strcat)
e:/parallel education diploma/imt_sdk_win_64/winarm/armgcc/bin/../lib/gcc/arm-none-eabi/7.2.1/../../../../arm-none-eabi/lib/thumb/v7e-m\libg_nano.a(lib_a-strcmp.o)
                              ./src/COTS/MCAL/UART/UART_program.o (strcmp)
e:/parallel education diploma/imt_sdk_win_64/winarm/armgcc/bin/../lib/gcc/arm-none-eabi/7.2.1/../../../../arm-none-eabi/lib/thumb/v7e-m\libg_nano.a(lib_a-strlen.o)
                              ./system/src/diag/Trace.o (strlen)
e:/parallel education diploma/imt_sdk_win_64/winarm/armgcc/bin/../lib/gcc/arm-none-eabi/7.2.1/../../../../arm-none-eabi/lib/thumb/v7e-m\libg_nano.a(lib_a-utoa.o)
                              e:/parallel education diploma/imt_sdk_win_64/winarm/armgcc/bin/../lib/gcc/arm-none-eabi/7.2.1/../../../../arm-none-eabi/lib/thumb/v7e-m\libg_nano.a(lib_a-itoa.o) (__utoa)
e:/parallel education diploma/imt_sdk_win_64/winarm/armgcc/bin/../lib/gcc/arm-none-eabi/7.2.1/../../../../arm-none-eabi/lib/thumb/v7e-m\libg_nano.a(lib_a-vsnprintf.o)
                              ./system/src/diag/Trace.o (vsnprintf)
e:/parallel education diploma/imt_sdk_win_64/winarm/armgcc/bin/../lib/gcc/arm-none-eabi/7.2.1/../../../../arm-none-eabi/lib/thumb/v7e-m\libg_nano.a(lib_a-nano-svfprintf.o)
                              e:/parallel education diploma/imt_sdk_win_64/winarm/armgcc/bin/../lib/gcc/arm-none-eabi/7.2.1/../../../../arm-none-eabi/lib/thumb/v7e-m\libg_nano.a(lib_a-vsnprintf.o) (_svfprintf_r)
e:/parallel education diploma/imt_sdk_win_64/winarm/armgcc/bin/../lib/gcc/arm-none-eabi/7.2.1/../../../../arm-none-eabi/lib/thumb/v7e-m\libg_nano.a(lib_a-nano-vfprintf_i.o)
                              e:/parallel education diploma/imt_sdk_win_64/winarm/armgcc/bin/../lib/gcc/arm-none-eabi/7.2.1/../../../../arm-none-eabi/lib/thumb/v7e-m\libg_nano.a(lib_a-nano-svfprintf.o) (_printf_i)
e:/parallel education diploma/imt_sdk_win_64/winarm/armgcc/bin/../lib/gcc/arm-none-eabi/7.2.1/../../../../arm-none-eabi/lib/thumb/v7e-m\libg_nano.a(lib_a-memchr.o)
                              e:/parallel education diploma/imt_sdk_win_64/winarm/armgcc/bin/../lib/gcc/arm-none-eabi/7.2.1/../../../../arm-none-eabi/lib/thumb/v7e-m\libg_nano.a(lib_a-nano-svfprintf.o) (memchr)
e:/parallel education diploma/imt_sdk_win_64/winarm/armgcc/bin/../lib/gcc/arm-none-eabi/7.2.1/../../../../arm-none-eabi/lib/thumb/v7e-m\libg_nano.a(lib_a-memcpy-stub.o)
                              e:/parallel education diploma/imt_sdk_win_64/winarm/armgcc/bin/../lib/gcc/arm-none-eabi/7.2.1/../../../../arm-none-eabi/lib/thumb/v7e-m\libg_nano.a(lib_a-nano-svfprintf.o) (memcpy)
[...]
Memory Configuration

Name             Origin             Length             Attributes
RAM              0x20000000         0x00010000         xrw
CCMRAM           0x10000000         0x00000000         xrw
FLASH            0x08000000         0x00040000         xr
FLASHB1          0x00000000         0x00000000         xr
EXTMEMB0         0x00000000         0x00000000         xr
EXTMEMB1         0x00000000         0x00000000         xr
EXTMEMB2         0x00000000         0x00000000         xr
EXTMEMB3         0x00000000         0x00000000         xr
*default*        0x00000000         0xffffffff

Linker script and memory map

LOAD ./system/src/stm32f4-hal/stm32f4xx_hal.o
LOAD ./system/src/stm32f4-hal/stm32f4xx_hal_cortex.o
LOAD ./system/src/stm32f4-hal/stm32f4xx_hal_dfsdm.o
LOAD ./system/src/stm32f4-hal/stm32f4xx_hal_flash.o
LOAD ./system/src/stm32f4-hal/stm32f4xx_hal_gpio.o
LOAD ./system/src/stm32f4-hal/stm32f4xx_hal_iwdg.o
LOAD ./system/src/stm32f4-hal/stm32f4xx_hal_pwr.o
LOAD ./system/src/stm32f4-hal/stm32f4xx_hal_rcc.o
LOAD ./system/src/newlib/_cxx.o
LOAD ./system/src/newlib/_exit.o
LOAD ./system/src/newlib/_sbrk.o
LOAD ./system/src/newlib/_startup.o
LOAD ./system/src/newlib/_syscalls.o
LOAD ./system/src/newlib/assert.o
LOAD ./system/src/diag/Trace.o
LOAD ./system/src/diag/trace_impl.o
LOAD ./system/src/cortexm/_initialize_hardware.o
LOAD ./system/src/cortexm/_reset_hardware.o
LOAD ./system/src/cortexm/exception_handlers.o
LOAD ./system/src/cmsis/system_stm32f4xx.o
LOAD ./system/src/cmsis/vectors_stm32f401xc.o
LOAD ./src/COTS/MyRTOS/MyRTOS_program.o
LOAD ./src/COTS/MCAL/UART/UART_program.o
LOAD ./src/COTS/MCAL/TIM1/TIM1_program.o
LOAD ./src/COTS/MCAL/SysTick/SysTick_program.o
LOAD ./src/COTS/MCAL/RCC/MRCC_program.o
LOAD ./src/COTS/MCAL/NVIC/NVIC_program.o
LOAD ./src/COTS/MCAL/GPIO/GPIO_program.o
LOAD ./src/COTS/MCAL/EXTI/EXTI_program.o
LOAD ./src/COTS/HAL/UltraSonic/UltraSonic_program.o
LOAD ./src/COTS/HAL/LED/LED_program.o
LOAD ./src/COTS/HAL/DCMOTOR/DCM_program.o
LOAD ./src/COTS/HAL/Car_Movement/Car_Movement_program.o
LOAD ./src/COTS/HAL/Bluetooth/Bluetooth_config.o
LOAD ./src/COTS/HAL/Bluetooth/Bluetooth_program.o
LOAD ./src/COTS/HAL/BUZZER/BUZZER_program.o
LOAD ./src/COTS/APP/Traditional_Mode/Traditional_Mode_program.o
LOAD ./src/COTS/APP/NCC/NCC_program.o
LOAD ./src/COTS/APP/Mob_APP/Mob_APP_program.o
LOAD ./src/COTS/APP/FCW/FCW_program.o
LOAD ./src/COTS/APP/Exit_State/Exit_State_program.o
LOAD ./src/COTS/APP/ACC/ACC_program.o
LOAD ./src/_initialize_hardware.o
LOAD ./src/main.o
LOAD ./src/stm32f4xx_hal_msp.o
LOAD e:/parallel education diploma/imt_sdk_win_64/winarm/armgcc/bin/../lib/gcc/arm-none-eabi/7.2.1/../../../../arm-none-eabi/lib/thumb/v7e-m\libstdc++_nano.a
LOAD e:/parallel education diploma/imt_sdk_win_64/winarm/armgcc/bin/../lib/gcc/arm-none-eabi/7.2.1/../../../../arm-none-eabi/lib/thumb/v7e-m\libm.a
START GROUP
LOAD e:/parallel education diploma/imt_sdk_win_64/winarm/armgcc/bin/../lib/gcc/arm-none-eabi/7.2.1/thumb/v7e-m\libgcc.a
LOAD e:/parallel education diploma/imt_sdk_win_64/winarm/armgcc/bin/../lib/gcc/arm-none-eabi/7.2.1/../../../../arm-none-eabi/lib/thumb/v7e-m\libg_nano.a
LOAD e:/parallel education diploma/imt_sdk_win_64/winarm/armgcc/bin/../lib/gcc/arm-none-eabi/7.2.1/../../../../arm-none-eabi/lib/thumb/v7e-m\libc_nano.a
END GROUP
START GROUP
LOAD e:/parallel education diploma/imt_sdk_win_64/winarm/armgcc/bin/../lib/gcc/arm-none-eabi/7.2.1/thumb/v7e-m\libgcc.a
LOAD e:/parallel education diploma/imt_sdk_win_64/winarm/armgcc/bin/../lib/gcc/arm-none-eabi/7.2.1/../../../../arm-none-eabi/lib/thumb/v7e-m\libc_nano.a
END GROUP
                0x20010000                __stack = (ORIGIN (RAM) + LENGTH (RAM))
                0x20010000                _estack = __stack
                0x00000400                __Main_Stack_Size = 0x400
                [!provide]                PROVIDE (_Main_Stack_Size, __Main_Stack_Size)
                0x2000fc00                __Main_Stack_Limit = (__stack - __Main_Stack_Size)
                [!provide]                PROVIDE (_Main_Stack_Limit, __Main_Stack_Limit)
                0x00000100                _Minimum_Stack_Size = 0x100
                0x200001dc                PROVIDE (_Heap_Begin, _end_noinit)
                0x2000fc00                PROVIDE (_Heap_Limit, (__stack - __Main_Stack_Size))

.isr_vector     0x08000000      0x3f4
 FILL mask 0xff
                0x08000000                __vectors_start = ABSOLUTE (.)
                0x08000000                __vectors_start__ = ABSOLUTE (.)
 *(.isr_vector)
 .isr_vector    0x08000000      0x194 ./system/src/cmsis/vectors_stm32f401xc.o
                0x08000000                __isr_vectors
 *(.cfmconfig)
 *(.after_vectors .after_vectors.*)
 .after_vectors
                0x08000194      0x130 ./system/src/newlib/_startup.o
                0x08000194                _start
 .after_vectors
                0x080002c4      0x12c ./system/src/cortexm/exception_handlers.o
                0x080002c4                Reset_Handler
                0x080002ca                NMI_Handler
                0x080002ce                HardFault_Handler
                0x080002e2                HardFault_Handler_C
                0x08000340                MemManage_Handler
                0x08000344                BusFault_Handler
                0x08000358                BusFault_Handler_C
                0x0800038c                UsageFault_Handler
                0x080003a0                UsageFault_Handler_C
                0x080003d4                SVC_Handler
                0x080003d8                DebugMon_Handler
                0x080003dc                PendSV_Handler
 .after_vectors
                0x080003f0        0x4 ./system/src/cmsis/vectors_stm32f401xc.o
                0x080003f0                RTC_Alarm_IRQHandler
                0x080003f0                SPI4_IRQHandler
                0x080003f0                TIM1_CC_IRQHandler
                0x080003f0                DMA2_Stream5_IRQHandler
                0x080003f0                DMA1_Stream5_IRQHandler
                0x080003f0                PVD_IRQHandler
                0x080003f0                SDIO_IRQHandler
                0x080003f0                TAMP_STAMP_IRQHandler
                0x080003f0                TIM1_UP_TIM10_IRQHandler
                0x080003f0                I2C3_ER_IRQHandler
                0x080003f0                I2C2_EV_IRQHandler
                0x080003f0                DMA1_Stream2_IRQHandler
                0x080003f0                FPU_IRQHandler
                0x080003f0                DMA2_Stream2_IRQHandler
                0x080003f0                SPI1_IRQHandler
                0x080003f0                TIM1_BRK_TIM9_IRQHandler
                0x080003f0                DMA2_Stream3_IRQHandler
                0x080003f0                DMA2_Stream0_IRQHandler
                0x080003f0                TIM4_IRQHandler
                0x080003f0                I2C1_EV_IRQHandler
                0x080003f0                DMA1_Stream6_IRQHandler
                0x080003f0                DMA1_Stream1_IRQHandler
                0x080003f0                TIM3_IRQHandler
                0x080003f0                RCC_IRQHandler
                0x080003f0                Default_Handler
                0x080003f0                ADC_IRQHandler
                0x080003f0                DMA1_Stream7_IRQHandler
                0x080003f0                TIM5_IRQHandler
                0x080003f0                DMA2_Stream7_IRQHandler
                0x080003f0                I2C3_EV_IRQHandler
                0x080003f0                RTC_WKUP_IRQHandler
                0x080003f0                SPI2_IRQHandler
                0x080003f0                DMA1_Stream0_IRQHandler
                0x080003f0                WWDG_IRQHandler
                0x080003f0                TIM2_IRQHandler
                0x080003f0                OTG_FS_WKUP_IRQHandler
                0x080003f0                TIM1_TRG_COM_TIM11_IRQHandler
                0x080003f0                I2C2_ER_IRQHandler
                0x080003f0                DMA2_Stream1_IRQHandler
                0x080003f0                FLASH_IRQHandler
                0x080003f0                DMA2_Stream4_IRQHandler
                0x080003f0                OTG_FS_IRQHandler
                0x080003f0                SPI3_IRQHandler
                0x080003f0                DMA1_Stream4_IRQHandler
                0x080003f0                I2C1_ER_IRQHandler
                0x080003f0                DMA2_Stream6_IRQHandler
                0x080003f0                DMA1_Stream3_IRQHandler

.inits          0x080003f4       0x28
                0x080003f4                __data_regions_array_start = .
                0x080003f4        0x4 LONG 0x8003c98 LOADADDR (.data)
                0x080003f8        0x4 LONG 0x20000000 ADDR (.data)
                0x080003fc        0x4 LONG 0x200000ac (ADDR (.data) + SIZEOF (.data))
                0x08000400        0x4 LONG 0x8003c98 LOADADDR (.data_CCMRAM)
                0x08000404        0x4 LONG 0x10000000 ADDR (.data_CCMRAM)
                0x08000408        0x4 LONG 0x10000000 (ADDR (.data_CCMRAM) + SIZEOF (.data_CCMRAM))
                0x0800040c                __data_regions_array_end = .
                0x0800040c                __bss_regions_array_start = .
                0x0800040c        0x4 LONG 0x200000ac ADDR (.bss)
                0x08000410        0x4 LONG 0x200001dc (ADDR (.bss) + SIZEOF (.bss))
                0x08000414        0x4 LONG 0x10000000 ADDR (.bss_CCMRAM)
                0x08000418        0x4 LONG 0x10000000 (ADDR (.bss_CCMRAM) + SIZEOF (.bss_CCMRAM))
                0x0800041c                __bss_regions_array_end = .
 *(.init)
 *(.fini)
                0x0800041c                . = ALIGN (0x4)
                0x0800041c                PROVIDE (__preinit_array_start, .)
 *(.preinit_array_sysinit .preinit_array_sysinit.*)
 *(.preinit_array_platform .preinit_array_platform.*)
 *(.preinit_array .preinit_array.*)
                0x0800041c                PROVIDE (__preinit_array_end, .)
                0x0800041c                . = ALIGN (0x4)
                0x0800041c                PROVIDE (__init_array_start, .)
 *(SORT_BY_NAME(.init_array.*))
 *(.init_array)
                0x0800041c                PROVIDE (__init_array_end, .)
                0x0800041c                . = ALIGN (0x4)
                0x0800041c                PROVIDE (__fini_array_start, .)
 *(SORT_BY_NAME(.fini_array.*))
 *(.fini_array)
                0x0800041c                PROVIDE (__fini_array_end, .)

.flashtext
 *(.flashtext .flashtext.*)

.text           0x08000420     0x3876
 *(.text .text.*)
 .text._exit    0x08000420        0x2 ./system/src/newlib/_exit.o
                0x08000420                _exit
 *fill*         0x08000422        0x2 
 .text._sbrk    0x08000424       0x44 ./system/src/newlib/_sbrk.o
                0x08000424                _sbrk
 .text.__initialize_args
                0x08000468       0x10 ./system/src/newlib/_syscalls.o
                0x08000468                __initialize_args
 .text.trace_printf
                0x08000478       0x30 ./system/src/diag/Trace.o
                0x08000478                trace_printf
 .text._trace_write_semihosting_debug
                0x080004a8       0x60 ./system/src/diag/trace_impl.o
 .text.trace_write
                0x08000508        0x8 ./system/src/diag/trace_impl.o
                0x08000508                trace_write
 .text.__initialize_hardware_early
                0x08000510       0x18 ./system/src/cortexm/_initialize_hardware.o
                0x08000510                __initialize_hardware_early
 .text.__initialize_hardware
                0x08000528        0x8 ./system/src/cortexm/_initialize_hardware.o
                0x08000528                __initialize_hardware
 .text.dumpExceptionStack
                0x08000530       0xf4 ./system/src/cortexm/exception_handlers.o
                0x08000530                dumpExceptionStack
 .text.isSemihosting
                0x08000624       0x20 ./system/src/cortexm/exception_handlers.o
                0x08000624                isSemihosting
 .text.SystemInit
                0x08000644       0x40 ./system/src/cmsis/system_stm32f4xx.o
                0x08000644                SystemInit
 .text.SystemCoreClockUpdate
                0x08000684       0xa0 ./system/src/cmsis/system_stm32f4xx.o
                0x08000684                SystemCoreClockUpdate
 .text.MUSART_vInit
                0x08000724      0x1e4 ./src/COTS/MCAL/UART/UART_program.o
                0x08000724                MUSART_vInit
 .text.MUSART_vTransmitByte
                0x08000908       0x1c ./src/COTS/MCAL/UART/UART_program.o
                0x08000908                MUSART_vTransmitByte
 .text.MUSART_vTransmitString
                0x08000924       0x1e ./src/COTS/MCAL/UART/UART_program.o
                0x08000924                MUSART_vTransmitString
 .text.MUSART_u8ReceiveByteSynchBlocking
                0x08000942        0xe ./src/COTS/MCAL/UART/UART_program.o
                0x08000942                MUSART_u8ReceiveByteSynchBlocking
 .text.MUSART_u8ReadDataRegister
                0x08000950        0x6 ./src/COTS/MCAL/UART/UART_program.o
                0x08000950                MUSART_u8ReadDataRegister
 .text.MUSART_vRxIntSetStatus
                0x08000956       0x1a ./src/COTS/MCAL/UART/UART_program.o
                0x08000956                MUSART_vRxIntSetStatus
 .text.MUSART1_vSetCallBack
                0x08000970        0xc ./src/COTS/MCAL/UART/UART_program.o
                0x08000970                MUSART1_vSetCallBack
 .text.USART1_IRQHandler
                0x0800097c       0x10 ./src/COTS/MCAL/UART/UART_program.o
                0x0800097c                USART1_IRQHandler
 .text.USART2_IRQHandler
                0x0800098c       0x18 ./src/COTS/MCAL/UART/UART_program.o
                0x0800098c                USART2_IRQHandler
 .text.USART6_IRQHandler
                0x080009a4       0x18 ./src/COTS/MCAL/UART/UART_program.o
                0x080009a4                USART6_IRQHandler
 .text.MTIM1_vSetPrescalerValue
                0x080009bc        0xc ./src/COTS/MCAL/TIM1/TIM1_program.o
                0x080009bc                MTIM1_vSetPrescalerValue
 .text.MTIM1_vSetAutoReloadValue
                0x080009c8        0xc ./src/COTS/MCAL/TIM1/TIM1_program.o
                0x080009c8                MTIM1_vSetAutoReloadValue
 .text.MTIM1_vSetCompareReg1Value
                0x080009d4        0xc ./src/COTS/MCAL/TIM1/TIM1_program.o
                0x080009d4                MTIM1_vSetCompareReg1Value
 .text.MTIM1_u16GetCaptureReg1Value
                0x080009e0        0xc ./src/COTS/MCAL/TIM1/TIM1_program.o
                0x080009e0                MTIM1_u16GetCaptureReg1Value
 .text.MTIM1_vSetCompareReg2Value
                0x080009ec        0xc ./src/COTS/MCAL/TIM1/TIM1_program.o
                0x080009ec                MTIM1_vSetCompareReg2Value
 .text.MTIM1_u16GetCaptureReg2Value
                0x080009f8        0xc ./src/COTS/MCAL/TIM1/TIM1_program.o
                0x080009f8                MTIM1_u16GetCaptureReg2Value
 .text.MTIM1_vSetCompareReg3Value
                0x08000a04        0xc ./src/COTS/MCAL/TIM1/TIM1_program.o
                0x08000a04                MTIM1_vSetCompareReg3Value
 .text.MTIM1_u16GetCaptureReg3Value
                0x08000a10        0xc ./src/COTS/MCAL/TIM1/TIM1_program.o
                0x08000a10                MTIM1_u16GetCaptureReg3Value
 .text.MTIM1_vSetCompareReg4Value
                0x08000a1c        0xc ./src/COTS/MCAL/TIM1/TIM1_program.o
                0x08000a1c                MTIM1_vSetCompareReg4Value
 .text.MTIM1_u16GetCaptureReg4Value
                0x08000a28        0xc ./src/COTS/MCAL/TIM1/TIM1_program.o
                0x08000a28                MTIM1_u16GetCaptureReg4Value
 .text.MTIM1_vGeneratePWM
                0x08000a34      0x640 ./src/COTS/MCAL/TIM1/TIM1_program.o
                0x08000a34                MTIM1_vGeneratePWM
 .text.MTIM1_vReadPWM
                0x08001074       0xc4 ./src/COTS/MCAL/TIM1/TIM1_program.o
                0x08001074                MTIM1_vReadPWM
 .text.MTIM1_vEnableCounter
                0x08001138       0x10 ./src/COTS/MCAL/TIM1/TIM1_program.o
                0x08001138                MTIM1_vEnableCounter
 .text.MSysTick_vInit
                0x08001148       0x1c ./src/COTS/MCAL/SysTick/SysTick_program.o
                0x08001148                MSysTick_vInit
 .text.MSysTick_vDelayMicroSec
                0x08001164       0x38 ./src/COTS/MCAL/SysTick/SysTick_program.o
                0x08001164                MSysTick_vDelayMicroSec
 .text.SysTick_Handler
                0x0800119c       0x58 ./src/COTS/MCAL/SysTick/SysTick_program.o
                0x0800119c                SysTick_Handler
 .text.MRCC_vInit
                0x080011f4       0xf8 ./src/COTS/MCAL/RCC/MRCC_program.o
                0x080011f4                MRCC_vInit
 .text.MRCC_vEnablePeriphralCLK
                0x080012ec       0x64 ./src/COTS/MCAL/RCC/MRCC_program.o
                0x080012ec                MRCC_vEnablePeriphralCLK
 .text.MNVIC_vEnablePeriphral
                0x08001350       0x18 ./src/COTS/MCAL/NVIC/NVIC_program.o
                0x08001350                MNVIC_vEnablePeriphral
 .text.MNVIC_vDisablePeriphral
                0x08001368       0x18 ./src/COTS/MCAL/NVIC/NVIC_program.o
                0x08001368                MNVIC_vDisablePeriphral
 .text.MGPIOx_vLockedPins
                0x08001380       0x4c ./src/COTS/MCAL/GPIO/GPIO_program.o
                0x08001380                MGPIOx_vLockedPins
 .text.MGPIOx_vSetPinMode
                0x080013cc       0x70 ./src/COTS/MCAL/GPIO/GPIO_program.o
                0x080013cc                MGPIOx_vSetPinMode
 .text.MGPIOx_vSetPinOutputType
                0x0800143c       0x94 ./src/COTS/MCAL/GPIO/GPIO_program.o
                0x0800143c                MGPIOx_vSetPinOutputType
 .text.MGPIOx_vSetPinOutputSpeed
                0x080014d0       0x70 ./src/COTS/MCAL/GPIO/GPIO_program.o
                0x080014d0                MGPIOx_vSetPinOutputSpeed
 .text.MGPIOx_vSetPinInputPullType
                0x08001540       0x70 ./src/COTS/MCAL/GPIO/GPIO_program.o
                0x08001540                MGPIOx_vSetPinInputPullType
 .text.MGPIOx_vSetPinValue
                0x080015b0       0x94 ./src/COTS/MCAL/GPIO/GPIO_program.o
                0x080015b0                MGPIOx_vSetPinValue
 .text.MGPIOx_vSetResetAtomic
                0x08001644       0x84 ./src/COTS/MCAL/GPIO/GPIO_program.o
                0x08001644                MGPIOx_vSetResetAtomic
 .text.MGPIOx_vSetAlternateFunctionON
                0x080016c8      0x118 ./src/COTS/MCAL/GPIO/GPIO_program.o
                0x080016c8                MGPIOx_vSetAlternateFunctionON
 .text.MGPIOx_vInit
                0x080017e0       0x38 ./src/COTS/MCAL/GPIO/GPIO_program.o
                0x080017e0                MGPIOx_vInit
 .text.EXTI0_IRQHandler
                0x08001818       0x20 ./src/COTS/MCAL/EXTI/EXTI_program.o
                0x08001818                EXTI0_IRQHandler
 .text.EXTI1_IRQHandler
                0x08001838       0x20 ./src/COTS/MCAL/EXTI/EXTI_program.o
                0x08001838                EXTI1_IRQHandler
 .text.EXTI2_IRQHandler
                0x08001858       0x20 ./src/COTS/MCAL/EXTI/EXTI_program.o
                0x08001858                EXTI2_IRQHandler
 .text.EXTI3_IRQHandler
                0x08001878       0x20 ./src/COTS/MCAL/EXTI/EXTI_program.o
                0x08001878                EXTI3_IRQHandler
 .text.EXTI4_IRQHandler
                0x08001898       0x20 ./src/COTS/MCAL/EXTI/EXTI_program.o
                0x08001898                EXTI4_IRQHandler
 .text.EXTI9_5_IRQHandler
                0x080018b8        0x2 ./src/COTS/MCAL/EXTI/EXTI_program.o
                0x080018b8                EXTI9_5_IRQHandler
 .text.EXTI15_10_IRQHandler
                0x080018ba        0x2 ./src/COTS/MCAL/EXTI/EXTI_program.o
                0x080018ba                EXTI15_10_IRQHandler
 .text.HULTSNC_vInit
                0x080018bc       0x40 ./src/COTS/HAL/UltraSonic/UltraSonic_program.o
                0x080018bc                HULTSNC_vInit
 .text.HULTSNC_vTrigger
                0x080018fc       0x30 ./src/COTS/HAL/UltraSonic/UltraSonic_program.o
                0x080018fc                HULTSNC_vTrigger
 *fill*         0x0800192c        0x4 
 .text.HULTSNC_f32GetDistance
                0x08001930       0x30 ./src/COTS/HAL/UltraSonic/UltraSonic_program.o
                0x08001930                HULTSNC_f32GetDistance
 .text.HDCM_vMoveForward
                0x08001960       0x1a ./src/COTS/HAL/DCMOTOR/DCM_program.o
                0x08001960                HDCM_vMoveForward
 .text.HDCM_vMoveBackward
                0x0800197a       0x1a ./src/COTS/HAL/DCMOTOR/DCM_program.o
                0x0800197a                HDCM_vMoveBackward
 .text.HDCM_vStopMotor
                0x08001994       0x1a ./src/COTS/HAL/DCMOTOR/DCM_program.o
                0x08001994                HDCM_vStopMotor
 *fill*         0x080019ae        0x2 
 .text.HDCM_vMotorSpeedCntrl
                0x080019b0       0x64 ./src/COTS/HAL/DCMOTOR/DCM_program.o
                0x080019b0                HDCM_vMotorSpeedCntrl
 .text.HDCM_vInitMotor
                0x08001a14       0x72 ./src/COTS/HAL/DCMOTOR/DCM_program.o
                0x08001a14                HDCM_vInitMotor
 .text.HDCM_vGetSpeedValue
                0x08001a86       0x2e ./src/COTS/HAL/DCMOTOR/DCM_program.o
                0x08001a86                HDCM_vGetSpeedValue
 .text.HCarMove_vInit
                0x08001ab4       0x18 ./src/COTS/HAL/Car_Movement/Car_Movement_program.o
                0x08001ab4                HCarMove_vInit
 .text.HCarMove_vSpeedRatio
                0x08001acc       0x20 ./src/COTS/HAL/Car_Movement/Car_Movement_program.o
                0x08001acc                HCarMove_vSpeedRatio
 .text.HCarMove_vForward
                0x08001aec       0x18 ./src/COTS/HAL/Car_Movement/Car_Movement_program.o
                0x08001aec                HCarMove_vForward
 .text.HCarMove_vBackward
                0x08001b04       0x18 ./src/COTS/HAL/Car_Movement/Car_Movement_program.o
                0x08001b04                HCarMove_vBackward
 .text.HCarMove_vRight
                0x08001b1c       0x18 ./src/COTS/HAL/Car_Movement/Car_Movement_program.o
                0x08001b1c                HCarMove_vRight
 .text.HCarMove_vLeft
                0x08001b34       0x18 ./src/COTS/HAL/Car_Movement/Car_Movement_program.o
                0x08001b34                HCarMove_vLeft
 .text.HCarMove_vStop
                0x08001b4c       0x18 ./src/COTS/HAL/Car_Movement/Car_Movement_program.o
                0x08001b4c                HCarMove_vStop
 .text.HCarMove_u32GetCarSpeed
                0x08001b64       0x10 ./src/COTS/HAL/Car_Movement/Car_Movement_program.o
                0x08001b64                HCarMove_u32GetCarSpeed
 .text.HBluetooth_vInit
                0x08001b74       0x1c ./src/COTS/HAL/Bluetooth/Bluetooth_program.o
                0x08001b74                HBluetooth_vInit
 .text.HBluetooth_u8ReceiveByte
                0x08001b90       0x10 ./src/COTS/HAL/Bluetooth/Bluetooth_program.o
                0x08001b90                HBluetooth_u8ReceiveByte
 .text.HBluetooth_u8AsynchReceiveByte
                0x08001ba0        0x8 ./src/COTS/HAL/Bluetooth/Bluetooth_program.o
                0x08001ba0                HBluetooth_u8AsynchReceiveByte
 .text.HBluetooth_vSendString
                0x08001ba8       0x14 ./src/COTS/HAL/Bluetooth/Bluetooth_program.o
                0x08001ba8                HBluetooth_vSendString
 .text.HBluetooth_u8GetDataRegister
                0x08001bbc       0x24 ./src/COTS/HAL/Bluetooth/Bluetooth_program.o
                0x08001bbc                HBluetooth_u8GetDataRegister
 .text.HBluetooth_vEnableAsynchReceive
                0x08001be0       0x18 ./src/COTS/HAL/Bluetooth/Bluetooth_program.o
                0x08001be0                HBluetooth_vEnableAsynchReceive
 .text.HBluetooth_vDisableAsynchReceive
                0x08001bf8       0x18 ./src/COTS/HAL/Bluetooth/Bluetooth_program.o
                0x08001bf8                HBluetooth_vDisableAsynchReceive
 .text.HBUZZER_vInit
                0x08001c10       0x2e ./src/COTS/HAL/BUZZER/BUZZER_program.o
                0x08001c10                HBUZZER_vInit
 .text.HBUZZER_vSoundOn
                0x08001c3e        0xe ./src/COTS/HAL/BUZZER/BUZZER_program.o
                0x08001c3e                HBUZZER_vSoundOn
 .text.HBUZZER_vSoundOff
                0x08001c4c        0xe ./src/COTS/HAL/BUZZER/BUZZER_program.o
                0x08001c4c                HBUZZER_vSoundOff
 *fill*         0x08001c5a        0x2 
 .text.ATraditional_vModeON
                0x08001c5c      0x1f0 ./src/COTS/APP/Traditional_Mode/Traditional_Mode_program.o
                0x08001c5c                ATraditional_vModeON
 .text.ANCC_vModeON
                0x08001e4c       0x90 ./src/COTS/APP/NCC/NCC_program.o
                0x08001e4c                ANCC_vModeON
 .text.AMobApp_vInit
                0x08001edc       0x14 ./src/COTS/APP/Mob_APP/Mob_APP_program.o
                0x08001edc                AMobApp_vInit
 .text.AMobApp_vSendSpeedValue
                0x08001ef0       0x3c ./src/COTS/APP/Mob_APP/Mob_APP_program.o
                0x08001ef0                AMobApp_vSendSpeedValue
 .text.AMobApp_vCntrlCar
                0x08001f2c       0xcc ./src/COTS/APP/Mob_APP/Mob_APP_program.o
                0x08001f2c                AMobApp_vCntrlCar
 .text.Button_vCurrentData
                0x08001ff8       0x1c ./src/COTS/APP/FCW/FCW_program.o
 .text.AFCW_vModeON
                0x08002014      0x278 ./src/COTS/APP/FCW/FCW_program.o
                0x08002014                AFCW_vModeON
 .text.Button_vCurrentData
                0x0800228c       0x1c ./src/COTS/APP/ACC/ACC_program.o
 .text.AACC_vModeON
                0x080022a8      0x128 ./src/COTS/APP/ACC/ACC_program.o
                0x080022a8                AACC_vModeON
 .text.main     0x080023d0       0x58 ./src/main.o
                0x080023d0                main
 .text          0x08002428      0x378 e:/parallel education diploma/imt_sdk_win_64/winarm/armgcc/bin/../lib/gcc/arm-none-eabi/7.2.1/thumb/v7e-m\libgcc.a(_arm_addsubdf3.o)
                0x08002428                __aeabi_drsub
                0x08002430                __aeabi_dsub
                0x08002430                __subdf3
                0x08002434                __aeabi_dadd
                0x08002434                __adddf3
                0x080026ac                __floatunsidf
                0x080026ac                __aeabi_ui2d
                0x080026cc                __floatsidf
                0x080026cc                __aeabi_i2d
                0x080026f0                __aeabi_f2d
                0x080026f0                __extendsfdf2
                0x08002734                __floatundidf
                0x08002734                __aeabi_ul2d
                0x08002744                __floatdidf
                0x08002744                __aeabi_l2d
 .text          0x080027a0      0x424 e:/parallel education diploma/imt_sdk_win_64/winarm/armgcc/bin/../lib/gcc/arm-none-eabi/7.2.1/thumb/v7e-m\libgcc.a(_arm_muldivdf3.o)
                0x080027a0                __aeabi_dmul
                0x080027a0                __muldf3
                0x080029f4                __divdf3
                0x080029f4                __aeabi_ddiv
 .text          0x08002bc4       0xa0 e:/parallel education diploma/imt_sdk_win_64/winarm/armgcc/bin/../lib/gcc/arm-none-eabi/7.2.1/thumb/v7e-m\libgcc.a(_arm_truncdfsf2.o)
                0x08002bc4                __truncdfsf2
                0x08002bc4                __aeabi_d2f
 .text          0x08002c64      0x21c e:/parallel education diploma/imt_sdk_win_64/winarm/armgcc/bin/../lib/gcc/arm-none-eabi/7.2.1/thumb/v7e-m\libgcc.a(_arm_addsubsf3.o)
                0x08002c64                __aeabi_frsub
                0x08002c6c                __subsf3
                0x08002c6c                __aeabi_fsub
                0x08002c70                __aeabi_fadd
                0x08002c70                __addsf3
                0x08002dd0                __aeabi_ui2f
                0x08002dd0                __floatunsisf
                0x08002dd8                __aeabi_i2f
                0x08002dd8                __floatsisf
                0x08002df4                __aeabi_ul2f
                0x08002df4                __floatundisf
                0x08002e04                __aeabi_l2f
                0x08002e04                __floatdisf
 .text          0x08002e80       0xec e:/parallel education diploma/imt_sdk_win_64/winarm/armgcc/bin/../lib/gcc/arm-none-eabi/7.2.1/thumb/v7e-m\libgcc.a(_arm_cmpsf2.o)
                0x08002e80                __gesf2
                0x08002e80                __gtsf2
                0x08002e88                __lesf2
                0x08002e88                __ltsf2
                0x08002e90                __nesf2
                0x08002e90                __eqsf2
                0x08002e90                __cmpsf2
                0x08002ef0                __aeabi_cfrcmple
                0x08002ef8                __aeabi_cfcmpeq
                0x08002ef8                __aeabi_cfcmple
                0x08002f08                __aeabi_fcmpeq
                0x08002f1c                __aeabi_fcmplt
                0x08002f30                __aeabi_fcmple
                0x08002f44                __aeabi_fcmpge
                0x08002f58                __aeabi_fcmpgt
 .text.__errno  0x08002f6c        0xc e:/parallel education diploma/imt_sdk_win_64/winarm/armgcc/bin/../lib/gcc/arm-none-eabi/7.2.1/../../../../arm-none-eabi/lib/thumb/v7e-m\libg_nano.a(lib_a-errno.o)
                0x08002f6c                __errno
 .text.__itoa   0x08002f78       0x30 e:/parallel education diploma/imt_sdk_win_64/winarm/armgcc/bin/../lib/gcc/arm-none-eabi/7.2.1/../../../../arm-none-eabi/lib/thumb/v7e-m\libg_nano.a(lib_a-itoa.o)
                0x08002f78                __itoa
 .text.itoa     0x08002fa8        0x4 e:/parallel education diploma/imt_sdk_win_64/winarm/armgcc/bin/../lib/gcc/arm-none-eabi/7.2.1/../../../../arm-none-eabi/lib/thumb/v7e-m\libg_nano.a(lib_a-itoa.o)
                0x08002fa8                itoa
 .text.strcat   0x08002fac       0x1e e:/parallel education diploma/imt_sdk_win_64/winarm/armgcc/bin/../lib/gcc/arm-none-eabi/7.2.1/../../../../arm-none-eabi/lib/thumb/v7e-m\libg_nano.a(lib_a-strcat.o)
                0x08002fac                strcat
 *fill*         0x08002fca        0x2 
 .text.__utoa   0x08002fcc       0x7c e:/parallel education diploma/imt_sdk_win_64/winarm/armgcc/bin/../lib/gcc/arm-none-eabi/7.2.1/../../../../arm-none-eabi/lib/thumb/v7e-m\libg_nano.a(lib_a-utoa.o)
                0x08002fcc                __utoa
 .text._vsnprintf_r
                0x08003048       0x58 e:/parallel education diploma/imt_sdk_win_64/winarm/armgcc/bin/../lib/gcc/arm-none-eabi/7.2.1/../../../../arm-none-eabi/lib/thumb/v7e-m\libg_nano.a(lib_a-vsnprintf.o)
                0x08003048                _vsniprintf_r
                0x08003048                _vsnprintf_r
 .text.vsnprintf
                0x080030a0       0x1c e:/parallel education diploma/imt_sdk_win_64/winarm/armgcc/bin/../lib/gcc/arm-none-eabi/7.2.1/../../../../arm-none-eabi/lib/thumb/v7e-m\libg_nano.a(lib_a-vsnprintf.o)
                0x080030a0                vsniprintf
                0x080030a0                vsnprintf
 .text.__ssputs_r
                0x080030bc       0xb4 e:/parallel education diploma/imt_sdk_win_64/winarm/armgcc/bin/../lib/gcc/arm-none-eabi/7.2.1/../../../../arm-none-eabi/lib/thumb/v7e-m\libg_nano.a(lib_a-nano-svfprintf.o)
                0x080030bc                __ssputs_r
 .text._svfprintf_r
                0x08003170      0x1ec e:/parallel education diploma/imt_sdk_win_64/winarm/armgcc/bin/../lib/gcc/arm-none-eabi/7.2.1/../../../../arm-none-eabi/lib/thumb/v7e-m\libg_nano.a(lib_a-nano-svfprintf.o)
                0x08003170                _svfiprintf_r
                0x08003170                _svfprintf_r
 .text._printf_common
                0x0800335c       0xea e:/parallel education diploma/imt_sdk_win_64/winarm/armgcc/bin/../lib/gcc/arm-none-eabi/7.2.1/../../../../arm-none-eabi/lib/thumb/v7e-m\libg_nano.a(lib_a-nano-vfprintf_i.o)
                0x0800335c                _printf_common
 *fill*         0x08003446        0x2 
 .text._printf_i
                0x08003448      0x224 e:/parallel education diploma/imt_sdk_win_64/winarm/armgcc/bin/../lib/gcc/arm-none-eabi/7.2.1/../../../../arm-none-eabi/lib/thumb/v7e-m\libg_nano.a(lib_a-nano-vfprintf_i.o)
                0x08003448                _printf_i
 *fill*         0x0800366c        0x4 
 .text          0x08003670       0xa0 e:/parallel education diploma/imt_sdk_win_64/winarm/armgcc/bin/../lib/gcc/arm-none-eabi/7.2.1/../../../../arm-none-eabi/lib/thumb/v7e-m\libg_nano.a(lib_a-memchr.o)
                0x08003670                memchr
 .text.memcpy   0x08003710       0x16 e:/parallel education diploma/imt_sdk_win_64/winarm/armgcc/bin/../lib/gcc/arm-none-eabi/7.2.1/../../../../arm-none-eabi/lib/thumb/v7e-m\libg_nano.a(lib_a-memcpy-stub.o)
                0x08003710                memcpy
 .text.memmove  0x08003726       0x32 e:/parallel education diploma/imt_sdk_win_64/winarm/armgcc/bin/../lib/gcc/arm-none-eabi/7.2.1/../../../../arm-none-eabi/lib/thumb/v7e-m\libg_nano.a(lib_a-memmove.o)
                0x08003726                memmove
 .text._free_r  0x08003758       0x9c e:/parallel education diploma/imt_sdk_win_64/winarm/armgcc/bin/../lib/gcc/arm-none-eabi/7.2.1/../../../../arm-none-eabi/lib/thumb/v7e-m\libg_nano.a(lib_a-nano-freer.o)
                0x08003758                _free_r
 .text._malloc_r
                0x080037f4       0xb4 e:/parallel education diploma/imt_sdk_win_64/winarm/armgcc/bin/../lib/gcc/arm-none-eabi/7.2.1/../../../../arm-none-eabi/lib/thumb/v7e-m\libg_nano.a(lib_a-nano-mallocr.o)
                0x080037f4                _malloc_r
 .text._realloc_r
                0x080038a8       0x4c e:/parallel education diploma/imt_sdk_win_64/winarm/armgcc/bin/../lib/gcc/arm-none-eabi/7.2.1/../../../../arm-none-eabi/lib/thumb/v7e-m\libg_nano.a(lib_a-nano-reallocr.o)
                0x080038a8                _realloc_r
 .text._sbrk_r  0x080038f4       0x20 e:/parallel education diploma/imt_sdk_win_64/winarm/armgcc/bin/../lib/gcc/arm-none-eabi/7.2.1/../../../../arm-none-eabi/lib/thumb/v7e-m\libg_nano.a(lib_a-sbrkr.o)
                0x080038f4                _sbrk_r
 .text.__malloc_lock
                0x08003914        0x2 e:/parallel education diploma/imt_sdk_win_64/winarm/armgcc/bin/../lib/gcc/arm-none-eabi/7.2.1/../../../../arm-none-eabi/lib/thumb/v7e-m\libg_nano.a(lib_a-mlock.o)
                0x08003914                __malloc_lock
 .text.__malloc_unlock
                0x08003916        0x2 e:/parallel education diploma/imt_sdk_win_64/winarm/armgcc/bin/../lib/gcc/arm-none-eabi/7.2.1/../../../../arm-none-eabi/lib/thumb/v7e-m\libg_nano.a(lib_a-mlock.o)
                0x08003916                __malloc_unlock
 .text._malloc_usable_size_r
                0x08003918       0x10 e:/parallel education diploma/imt_sdk_win_64/winarm/armgcc/bin/../lib/gcc/arm-none-eabi/7.2.1/../../../../arm-none-eabi/lib/thumb/v7e-m\libg_nano.a(lib_a-nano-msizer.o)
                0x08003918                _malloc_usable_size_r
 *(.rodata .rodata.* .constdata .constdata.*)
 .rodata.dumpExceptionStack.str1.4
                0x08003928      0x11a ./system/src/cortexm/exception_handlers.o
 *fill*         0x08003a42        0x2 
 .rodata.str1.4
                0x08003a44       0x2a ./system/src/cortexm/exception_handlers.o
 *fill*         0x08003a6e        0x2 
 .rodata.AHBPrescTable
                0x08003a70       0x10 ./system/src/cmsis/system_stm32f4xx.o
                0x08003a70                AHBPrescTable
 .rodata        0x08003a80       0x2f ./src/COTS/MCAL/UART/UART_program.o
 *fill*         0x08003aaf        0x1 
 .rodata        0x08003ab0       0x1f ./src/COTS/MCAL/TIM1/TIM1_program.o
 *fill*         0x08003acf        0x1 
 .rodata        0x08003ad0        0x2 ./src/COTS/HAL/DCMOTOR/DCM_program.o
 *fill*         0x08003ad2        0x2 
 .rodata.ATraditional_vModeON.str1.4
                0x08003ad4       0x37 ./src/COTS/APP/Traditional_Mode/Traditional_Mode_program.o
 *fill*         0x08003b0b        0x1 
 .rodata.ANCC_vModeON.str1.4
                0x08003b0c       0x1f ./src/COTS/APP/NCC/NCC_program.o
                                 0x27 (size before relaxing)
 *fill*         0x08003b2b        0x1 
 .rodata.AMobApp_vCntrlCar.str1.4
                0x08003b2c       0x96 ./src/COTS/APP/Mob_APP/Mob_APP_program.o
 *fill*         0x08003bc2        0x2 
 .rodata.AMobApp_vInit.str1.4
                0x08003bc4       0x19 ./src/COTS/APP/Mob_APP/Mob_APP_program.o
 *fill*         0x08003bdd        0x3 
 .rodata.AMobApp_vSendSpeedValue.str1.4
                0x08003be0        0x2 ./src/COTS/APP/Mob_APP/Mob_APP_program.o
 *fill*         0x08003be2        0x2 
 .rodata.AFCW_vModeON.str1.4
                0x08003be4       0x36 ./src/COTS/APP/FCW/FCW_program.o
                                 0x3d (size before relaxing)
 *fill*         0x08003c1a        0x2 
 .rodata.AACC_vModeON.str1.4
                0x08003c1c       0x20 ./src/COTS/APP/ACC/ACC_program.o
                                 0x27 (size before relaxing)
 .rodata        0x08003c3c        0x2 ./src/main.o
 .rodata.__utoa.str1.1
                0x08003c3e       0x25 e:/parallel education diploma/imt_sdk_win_64/winarm/armgcc/bin/../lib/gcc/arm-none-eabi/7.2.1/../../../../arm-none-eabi/lib/thumb/v7e-m\libg_nano.a(lib_a-utoa.o)
 .rodata._svfprintf_r.str1.1
                0x08003c63       0x11 e:/parallel education diploma/imt_sdk_win_64/winarm/armgcc/bin/../lib/gcc/arm-none-eabi/7.2.1/../../../../arm-none-eabi/lib/thumb/v7e-m\libg_nano.a(lib_a-nano-svfprintf.o)
 .rodata._printf_i.str1.1
                0x08003c74       0x22 e:/parallel education diploma/imt_sdk_win_64/winarm/armgcc/bin/../lib/gcc/arm-none-eabi/7.2.1/../../../../arm-none-eabi/lib/thumb/v7e-m\libg_nano.a(lib_a-nano-vfprintf_i.o)
 *(vtable)
 *(.eh_frame*)
 *(.glue_7)
 .glue_7        0x08003c96        0x0 linker stubs
 *(.glue_7t)
 .glue_7t       0x08003c96        0x0 linker stubs

.vfp11_veneer   0x08003c98        0x0
 .vfp11_veneer  0x08003c98        0x0 linker stubs

.v4_bx          0x08003c98        0x0
 .v4_bx         0x08003c98        0x0 linker stubs

.iplt           0x08003c98        0x0
 .iplt          0x08003c98        0x0 ./system/src/newlib/_exit.o

.rel.dyn        0x08003c98        0x0
 .rel.iplt      0x08003c98        0x0 ./system/src/newlib/_exit.o

.ARM.extab
 *(.ARM.extab* .gnu.linkonce.armextab.*)
                0x08003c98                . = ALIGN (0x4)
                0x08003c98                __exidx_start = .

.ARM.exidx
 *(.ARM.exidx* .gnu.linkonce.armexidx.*)
                0x08003c98                __exidx_end = .
                0x08003c98                . = ALIGN (0x4)
                0x08003c98                _etext = .
                0x08003c98                __etext = .

.data_CCMRAM    0x10000000        0x0 load address 0x08003c98
 FILL mask 0xff
 *(.data.CCMRAM .data.CCMRAM.*)
                0x10000000                . = ALIGN (0x4)
                0x08003c98                _sidata = LOADADDR (.data)

.data           0x20000000       0xac load address 0x08003c98
 FILL mask 0xff
                0x20000000                _sdata = .
                0x20000000                __data_start__ = .
 *(.data_begin .data_begin.*)
 .data_begin    0x20000000        0x4 ./system/src/newlib/_startup.o
 *(.data .data.*)
 .data.argv.4310
                0x20000004        0x8 ./system/src/newlib/_syscalls.o
 .data.SystemCoreClock
                0x2000000c        0x4 ./system/src/cmsis/system_stm32f4xx.o
                0x2000000c                SystemCoreClock
 .data.Motor1   0x20000010        0xc ./src/COTS/HAL/Car_Movement/Car_Movement_program.o
                0x20000010                Motor1
 .data.Motor3   0x2000001c        0xc ./src/COTS/HAL/Car_Movement/Car_Movement_program.o
                0x2000001c                Motor3
 .data.Bluetooth_Config
                0x20000028        0xc ./src/COTS/HAL/Bluetooth/Bluetooth_config.o
                0x20000028                Bluetooth_Config
 .data.Bluetooth_UART_ID
                0x20000034        0x4 ./src/COTS/HAL/Bluetooth/Bluetooth_config.o
                0x20000034                Bluetooth_UART_ID
 .data.Buzzer   0x20000038        0x2 ./src/COTS/APP/FCW/FCW_program.o
 *fill*         0x2000003a        0x2 ff
 .data.TRIG     0x2000003c        0x2 ./src/COTS/APP/FCW/FCW_program.o
 *fill*         0x2000003e        0x2 ff
 .data.TRIG     0x20000040        0x2 ./src/COTS/APP/ACC/ACC_program.o
 *fill*         0x20000042        0x2 ff
 .data._impure_ptr
                0x20000044        0x4 e:/parallel education diploma/imt_sdk_win_64/winarm/armgcc/bin/../lib/gcc/arm-none-eabi/7.2.1/../../../../arm-none-eabi/lib/thumb/v7e-m\libg_nano.a(lib_a-impure.o)
                0x20000044                _impure_ptr
 .data.impure_data
                0x20000048       0x60 e:/parallel education diploma/imt_sdk_win_64/winarm/armgcc/bin/../lib/gcc/arm-none-eabi/7.2.1/../../../../arm-none-eabi/lib/thumb/v7e-m\libg_nano.a(lib_a-impure.o)
 *(.data_end .data_end.*)
 .data_end      0x200000a8        0x4 ./system/src/newlib/_startup.o
                0x200000ac                . = ALIGN (0x4)
                0x200000ac                _edata = .
                0x200000ac                __data_end__ = .

.igot.plt       0x200000ac        0x0 load address 0x08003d44
 .igot.plt      0x200000ac        0x0 ./system/src/newlib/_exit.o

.bss_CCMRAM     0x10000000        0x0
 *(.bss.CCMRAM .bss.CCMRAM.*)

.bss            0x200000ac      0x130
                0x200000ac                __bss_start__ = .
                0x200000ac                _sbss = .
 *(.bss_begin .bss_begin.*)
 .bss_begin     0x200000ac        0x4 ./system/src/newlib/_startup.o
 *(.bss .bss.*)
 .bss.current_heap_end.3961
                0x200000b0        0x4 ./system/src/newlib/_sbrk.o
 .bss.name.4309
                0x200000b4        0x1 ./system/src/newlib/_syscalls.o
 *fill*         0x200000b5        0x3 
 .bss.buf.5205  0x200000b8       0x80 ./system/src/diag/Trace.o
 .bss.GS_u8MyIntervalMode
                0x20000138        0x1 ./src/COTS/MCAL/SysTick/SysTick_program.o
 *fill*         0x20000139        0x3 
 .bss.GS_vCallbackFunc
                0x2000013c        0x4 ./src/COTS/MCAL/SysTick/SysTick_program.o
 .bss.GS_vEXTI_Callback
                0x20000140       0x5c ./src/COTS/MCAL/EXTI/EXTI_program.o
 .bss.Bluetooth_CLK
                0x2000019c        0x4 ./src/COTS/HAL/Bluetooth/Bluetooth_config.o
                0x2000019c                Bluetooth_CLK
 .bss.GV_u8InISR
                0x200001a0        0x1 ./src/COTS/APP/FCW/FCW_program.o
                0x200001a0                GV_u8InISR
 .bss.G_c8RecievedButton
                0x200001a1        0x1 ./src/COTS/APP/FCW/FCW_program.o
                0x200001a1                G_c8RecievedButton
 .bss.G_c8ACCRecievedButton
                0x200001a2        0x1 ./src/COTS/APP/ACC/ACC_program.o
                0x200001a2                G_c8ACCRecievedButton
 .bss.Gv_u8InISR
                0x200001a3        0x1 ./src/COTS/APP/ACC/ACC_program.o
                0x200001a3                Gv_u8InISR
 .bss.L_f32Distance
                0x200001a4        0x4 ./src/COTS/APP/ACC/ACC_program.o
                0x200001a4                L_f32Distance
 .bss.L_u32SpeedValue
                0x200001a8        0x4 ./src/COTS/APP/ACC/ACC_program.o
                0x200001a8                L_u32SpeedValue
 .bss.__malloc_free_list
                0x200001ac        0x4 e:/parallel education diploma/imt_sdk_win_64/winarm/armgcc/bin/../lib/gcc/arm-none-eabi/7.2.1/../../../../arm-none-eabi/lib/thumb/v7e-m\libg_nano.a(lib_a-nano-mallocr.o)
                0x200001ac                __malloc_free_list
 .bss.__malloc_sbrk_start
                0x200001b0        0x4 e:/parallel education diploma/imt_sdk_win_64/winarm/armgcc/bin/../lib/gcc/arm-none-eabi/7.2.1/../../../../arm-none-eabi/lib/thumb/v7e-m\libg_nano.a(lib_a-nano-mallocr.o)
                0x200001b0                __malloc_sbrk_start
 *(COMMON)
 COMMON         0x200001b4        0x4 ./system/src/newlib/_syscalls.o
                0x200001b4                errno
 COMMON         0x200001b8       0x20 ./src/COTS/MCAL/UART/UART_program.o
                0x200001b8                MUSART2_CallBack
                0x200001bc                MUSART6_CallBack
                0x200001c0                MUSART1_CallBack
                0x200001c4                G_u8String
 *(.bss_end .bss_end.*)
 .bss_end       0x200001d8        0x4 ./system/src/newlib/_startup.o
                0x200001dc                . = ALIGN (0x4)
                0x200001dc                __bss_end__ = .
                0x200001dc                _ebss = .

.noinit_CCMRAM
 *(.noinit.CCMRAM .noinit.CCMRAM.*)

.noinit         0x200001dc        0x0
                0x200001dc                _noinit = .
 *(.noinit .noinit.*)
                0x200001dc                . = ALIGN (0x4)
                0x200001dc                _end_noinit = .
                [!provide]                PROVIDE (end, _end_noinit)
                [!provide]                PROVIDE (_end, _end_noinit)
                [!provide]                PROVIDE (__end, _end_noinit)
                [!provide]                PROVIDE (__end__, _end_noinit)

._check_stack   0x200001dc      0x100
                0x200002dc                . = (. + _Minimum_Stack_Size)
 *fill*         0x200001dc      0x100 

.b1text
 *(.b1text)
 *(.b1rodata)
 *(.b1rodata.*)

.eb0text
 *(.eb0text)
 *(.eb0rodata)
 *(.eb0rodata.*)

.eb1text
 *(.eb1text)
 *(.eb1rodata)
 *(.eb1rodata.*)

.eb2text
 *(.eb2text)
 *(.eb2rodata)
 *(.eb2rodata.*)

.eb3text
 *(.eb3text)
 *(.eb3rodata)
 *(.eb3rodata.*)

.stab
 *(.stab)

.stabstr
 *(.stabstr)

.stab.excl
 *(.stab.excl)

.stab.exclstr
 *(.stab.exclstr)

.stab.index
 *(.stab.index)

.stab.indexstr
 *(.stab.indexstr)

.comment        0x00000000       0x7e
 *(.comment)
 .comment       0x00000000       0x7e ./system/src/newlib/_exit.o
                                 0x7f (size before relaxing)
 .comment       0x0000007e       0x7f ./system/src/newlib/_sbrk.o
 .comment       0x0000007e       0x7f ./system/src/newlib/_startup.o
 .comment       0x0000007e       0x7f ./system/src/newlib/_syscalls.o
 .comment       0x0000007e       0x7f ./system/src/diag/Trace.o
 .comment       0x0000007e       0x7f ./system/src/diag/trace_impl.o
 .comment       0x0000007e       0x7f ./system/src/cortexm/_initialize_hardware.o
 .comment       0x0000007e       0x7f ./system/src/cortexm/exception_handlers.o
 .comment       0x0000007e       0x7f ./system/src/cmsis/system_stm32f4xx.o
 .comment       0x0000007e       0x7f ./system/src/cmsis/vectors_stm32f401xc.o
 .comment       0x0000007e       0x7f ./src/COTS/MCAL/UART/UART_program.o
 .comment       0x0000007e       0x7f ./src/COTS/MCAL/TIM1/TIM1_program.o
 .comment       0x0000007e       0x7f ./src/COTS/MCAL/SysTick/SysTick_program.o
 .comment       0x0000007e       0x7f ./src/COTS/MCAL/RCC/MRCC_program.o
 .comment       0x0000007e       0x7f ./src/COTS/MCAL/NVIC/NVIC_program.o
 .comment       0x0000007e       0x7f ./src/COTS/MCAL/GPIO/GPIO_program.o
 .comment       0x0000007e       0x7f ./src/COTS/MCAL/EXTI/EXTI_program.o
 .comment       0x0000007e       0x7f ./src/COTS/HAL/UltraSonic/UltraSonic_program.o
 .comment       0x0000007e       0x7f ./src/COTS/HAL/DCMOTOR/DCM_program.o
 .comment       0x0000007e       0x7f ./src/COTS/HAL/Car_Movement/Car_Movement_program.o
 .comment       0x0000007e       0x7f ./src/COTS/HAL/Bluetooth/Bluetooth_config.o
 .comment       0x0000007e       0x7f ./src/COTS/HAL/Bluetooth/Bluetooth_program.o
 .comment       0x0000007e       0x7f ./src/COTS/HAL/BUZZER/BUZZER_program.o
 .comment       0x0000007e       0x7f ./src/COTS/APP/Traditional_Mode/Traditional_Mode_program.o
 .comment       0x0000007e       0x7f ./src/COTS/APP/NCC/NCC_program.o
 .comment       0x0000007e       0x7f ./src/COTS/APP/Mob_APP/Mob_APP_program.o
 .comment       0x0000007e       0x7f ./src/COTS/APP/FCW/FCW_program.o
 .comment       0x0000007e       0x7f ./src/COTS/APP/ACC/ACC_program.o
 .comment       0x0000007e       0x7f ./src/main.o

.ARM.attributes
                0x00000000       0x31
 .ARM.attributes
                0x00000000       0x33 ./system/src/newlib/_exit.o
 .ARM.attributes
                0x00000033       0x33 ./system/src/newlib/_sbrk.o
 .ARM.attributes
                0x00000066       0x33 ./system/src/newlib/_startup.o
 .ARM.attributes
                0x00000099       0x33 ./system/src/newlib/_syscalls.o
 .ARM.attributes
                0x000000cc       0x33 ./system/src/diag/Trace.o
 .ARM.attributes
                0x000000ff       0x33 ./system/src/diag/trace_impl.o
 .ARM.attributes
                0x00000132       0x33 ./system/src/cortexm/_initialize_hardware.o
 .ARM.attributes
                0x00000165       0x33 ./system/src/cortexm/exception_handlers.o
 .ARM.attributes
                0x00000198       0x33 ./system/src/cmsis/system_stm32f4xx.o
 .ARM.attributes
                0x000001cb       0x33 ./system/src/cmsis/vectors_stm32f401xc.o
 .ARM.attributes
                0x000001fe       0x33 ./src/COTS/MCAL/UART/UART_program.o
 .ARM.attributes
                0x00000231       0x33 ./src/COTS/MCAL/TIM1/TIM1_program.o
 .ARM.attributes
                0x00000264       0x33 ./src/COTS/MCAL/SysTick/SysTick_program.o
 .ARM.attributes
                0x00000297       0x33 ./src/COTS/MCAL/RCC/MRCC_program.o
 .ARM.attributes
                0x000002ca       0x33 ./src/COTS/MCAL/NVIC/NVIC_program.o
 .ARM.attributes
                0x000002fd       0x33 ./src/COTS/MCAL/GPIO/GPIO_program.o
 .ARM.attributes
                0x00000330       0x33 ./src/COTS/MCAL/EXTI/EXTI_program.o
 .ARM.attributes
                0x00000363       0x33 ./src/COTS/HAL/UltraSonic/UltraSonic_program.o
 .ARM.attributes
                0x00000396       0x33 ./src/COTS/HAL/DCMOTOR/DCM_program.o
 .ARM.attributes
                0x000003c9       0x33 ./src/COTS/HAL/Car_Movement/Car_Movement_program.o
 .ARM.attributes
                0x000003fc       0x33 ./src/COTS/HAL/Bluetooth/Bluetooth_config.o
 .ARM.attributes
                0x0000042f       0x33 ./src/COTS/HAL/Bluetooth/Bluetooth_program.o
 .ARM.attributes
                0x00000462       0x33 ./src/COTS/HAL/BUZZER/BUZZER_program.o
 .ARM.attributes
                0x00000495       0x33 ./src/COTS/APP/Traditional_Mode/Traditional_Mode_program.o
 .ARM.attributes
                0x000004c8       0x33 ./src/COTS/APP/NCC/NCC_program.o
 .ARM.attributes
                0x000004fb       0x33 ./src/COTS/APP/Mob_APP/Mob_APP_program.o
 .ARM.attributes
                0x0000052e       0x33 ./src/COTS/APP/FCW/FCW_program.o
 .ARM.attributes
                0x00000561       0x33 ./src/COTS/APP/ACC/ACC_program.o
 .ARM.attributes
                0x00000594       0x33 ./src/main.o
 .ARM.attributes
                0x000005c7       0x1e e:/parallel education diploma/imt_sdk_win_64/winarm/armgcc/bin/../lib/gcc/arm-none-eabi/7.2.1/thumb/v7e-m\libgcc.a(_arm_addsubdf3.o)
 .ARM.attributes
                0x000005e5       0x1e e:/parallel education diploma/imt_sdk_win_64/winarm/armgcc/bin/../lib/gcc/arm-none-eabi/7.2.1/thumb/v7e-m\libgcc.a(_arm_muldivdf3.o)
 .ARM.attributes
                0x00000603       0x1e e:/parallel education diploma/imt_sdk_win_64/winarm/armgcc/bin/../lib/gcc/arm-none-eabi/7.2.1/thumb/v7e-m\libgcc.a(_arm_truncdfsf2.o)
 .ARM.attributes
                0x00000621       0x1e e:/parallel education diploma/imt_sdk_win_64/winarm/armgcc/bin/../lib/gcc/arm-none-eabi/7.2.1/thumb/v7e-m\libgcc.a(_arm_addsubsf3.o)
 .ARM.attributes
                0x0000063f       0x1e e:/parallel education diploma/imt_sdk_win_64/winarm/armgcc/bin/../lib/gcc/arm-none-eabi/7.2.1/thumb/v7e-m\libgcc.a(_arm_cmpsf2.o)
 .ARM.attributes
                0x0000065d       0x2e e:/parallel education diploma/imt_sdk_win_64/winarm/armgcc/bin/../lib/gcc/arm-none-eabi/7.2.1/../../../../arm-none-eabi/lib/thumb/v7e-m\libg_nano.a(lib_a-errno.o)
 .ARM.attributes
                0x0000068b       0x2e e:/parallel education diploma/imt_sdk_win_64/winarm/armgcc/bin/../lib/gcc/arm-none-eabi/7.2.1/../../../../arm-none-eabi/lib/thumb/v7e-m\libg_nano.a(lib_a-impure.o)
 .ARM.attributes
                0x000006b9       0x2e e:/parallel education diploma/imt_sdk_win_64/winarm/armgcc/bin/../lib/gcc/arm-none-eabi/7.2.1/../../../../arm-none-eabi/lib/thumb/v7e-m\libg_nano.a(lib_a-itoa.o)
 .ARM.attributes
                0x000006e7       0x2e e:/parallel education diploma/imt_sdk_win_64/winarm/armgcc/bin/../lib/gcc/arm-none-eabi/7.2.1/../../../../arm-none-eabi/lib/thumb/v7e-m\libg_nano.a(lib_a-strcat.o)
 .ARM.attributes
                0x00000715       0x2e e:/parallel education diploma/imt_sdk_win_64/winarm/armgcc/bin/../lib/gcc/arm-none-eabi/7.2.1/../../../../arm-none-eabi/lib/thumb/v7e-m\libg_nano.a(lib_a-utoa.o)
 .ARM.attributes
                0x00000743       0x2e e:/parallel education diploma/imt_sdk_win_64/winarm/armgcc/bin/../lib/gcc/arm-none-eabi/7.2.1/../../../../arm-none-eabi/lib/thumb/v7e-m\libg_nano.a(lib_a-vsnprintf.o)
 .ARM.attributes
                0x00000771       0x2e e:/parallel education diploma/imt_sdk_win_64/winarm/armgcc/bin/../lib/gcc/arm-none-eabi/7.2.1/../../../../arm-none-eabi/lib/thumb/v7e-m\libg_nano.a(lib_a-nano-svfprintf.o)
 .ARM.attributes
                0x0000079f       0x2e e:/parallel education diploma/imt_sdk_win_64/winarm/armgcc/bin/../lib/gcc/arm-none-eabi/7.2.1/../../../../arm-none-eabi/lib/thumb/v7e-m\libg_nano.a(lib_a-nano-vfprintf_i.o)
 .ARM.attributes
                0x000007cd       0x1c e:/parallel education diploma/imt_sdk_win_64/winarm/armgcc/bin/../lib/gcc/arm-none-eabi/7.2.1/../../../../arm-none-eabi/lib/thumb/v7e-m\libg_nano.a(lib_a-memchr.o)
 .ARM.attributes
                0x000007e9       0x2e e:/parallel education diploma/imt_sdk_win_64/winarm/armgcc/bin/../lib/gcc/arm-none-eabi/7.2.1/../../../../arm-none-eabi/lib/thumb/v7e-m\libg_nano.a(lib_a-memcpy-stub.o)
 .ARM.attributes
                0x00000817       0x2e e:/parallel education diploma/imt_sdk_win_64/winarm/armgcc/bin/../lib/gcc/arm-none-eabi/7.2.1/../../../../arm-none-eabi/lib/thumb/v7e-m\libg_nano.a(lib_a-memmove.o)
 .ARM.attributes
                0x00000845       0x2e e:/parallel education diploma/imt_sdk_win_64/winarm/armgcc/bin/../lib/gcc/arm-none-eabi/7.2.1/../../../../arm-none-eabi/lib/thumb/v7e-m\libg_nano.a(lib_a-nano-freer.o)
 .ARM.attributes
                0x00000873       0x2e e:/parallel education diploma/imt_sdk_win_64/winarm/armgcc/bin/../lib/gcc/arm-none-eabi/7.2.1/../../../../arm-none-eabi/lib/thumb/v7e-m\libg_nano.a(lib_a-nano-mallocr.o)
 .ARM.attributes
                0x000008a1       0x2e e:/parallel education diploma/imt_sdk_win_64/winarm/armgcc/bin/../lib/gcc/arm-none-eabi/7.2.1/../../../../arm-none-eabi/lib/thumb/v7e-m\libg_nano.a(lib_a-nano-reallocr.o)
 .ARM.attributes
                0x000008cf       0x2e e:/parallel education diploma/imt_sdk_win_64/winarm/armgcc/bin/../lib/gcc/arm-none-eabi/7.2.1/../../../../arm-none-eabi/lib/thumb/v7e-m\libg_nano.a(lib_a-sbrkr.o)
 .ARM.attributes
                0x000008fd       0x2e e:/parallel education diploma/imt_sdk_win_64/winarm/armgcc/bin/../lib/gcc/arm-none-eabi/7.2.1/../../../../arm-none-eabi/lib/thumb/v7e-m\libg_nano.a(lib_a-mlock.o)
 .ARM.attributes
                0x0000092b       0x2e e:/parallel education diploma/imt_sdk_win_64/winarm/armgcc/bin/../lib/gcc/arm-none-eabi/7.2.1/../../../../arm-none-eabi/lib/thumb/v7e-m\libg_nano.a(lib_a-nano-msizer.o)

.debug
 *(.debug)

.line
 *(.line)

.debug_srcinfo
 *(.debug_srcinfo)

.debug_sfnames
 *(.debug_sfnames)

.debug_aranges  0x00000000      0x810
 *(.debug_aranges)
 .debug_aranges
                0x00000000       0x28 ./system/src/newlib/_exit.o
 .debug_aranges
                0x00000028       0x20 ./system/src/newlib/_sbrk.o
 .debug_aranges
                0x00000048       0x40 ./system/src/newlib/_startup.o
 .debug_aranges
                0x00000088       0x30 ./system/src/newlib/_syscalls.o
 .debug_aranges
                0x000000b8       0x38 ./system/src/diag/Trace.o
 .debug_aranges
                0x000000f0       0x30 ./system/src/diag/trace_impl.o
 .debug_aranges
                0x00000120       0x28 ./system/src/cortexm/_initialize_hardware.o
 .debug_aranges
                0x00000148       0x90 ./system/src/cortexm/exception_handlers.o
 .debug_aranges
                0x000001d8       0x28 ./system/src/cmsis/system_stm32f4xx.o
 .debug_aranges
                0x00000200       0x20 ./system/src/cmsis/vectors_stm32f401xc.o
 .debug_aranges
                0x00000220       0xb0 ./src/COTS/MCAL/UART/UART_program.o
 .debug_aranges
                0x000002d0       0xa0 ./src/COTS/MCAL/TIM1/TIM1_program.o
 .debug_aranges
                0x00000370       0x98 ./src/COTS/MCAL/SysTick/SysTick_program.o
 .debug_aranges
                0x00000408       0x30 ./src/COTS/MCAL/RCC/MRCC_program.o
 .debug_aranges
                0x00000438       0x58 ./src/COTS/MCAL/NVIC/NVIC_program.o
 .debug_aranges
                0x00000490       0x78 ./src/COTS/MCAL/GPIO/GPIO_program.o
 .debug_aranges
                0x00000508       0x90 ./src/COTS/MCAL/EXTI/EXTI_program.o
 .debug_aranges
                0x00000598       0x30 ./src/COTS/HAL/UltraSonic/UltraSonic_program.o
 .debug_aranges
                0x000005c8       0x48 ./src/COTS/HAL/DCMOTOR/DCM_program.o
 .debug_aranges
                0x00000610       0x58 ./src/COTS/HAL/Car_Movement/Car_Movement_program.o
 .debug_aranges
                0x00000668       0x18 ./src/COTS/HAL/Bluetooth/Bluetooth_config.o
 .debug_aranges
                0x00000680       0x78 ./src/COTS/HAL/Bluetooth/Bluetooth_program.o
 .debug_aranges
                0x000006f8       0x38 ./src/COTS/HAL/BUZZER/BUZZER_program.o
 .debug_aranges
                0x00000730       0x20 ./src/COTS/APP/Traditional_Mode/Traditional_Mode_program.o
 .debug_aranges
                0x00000750       0x20 ./src/COTS/APP/NCC/NCC_program.o
 .debug_aranges
                0x00000770       0x30 ./src/COTS/APP/Mob_APP/Mob_APP_program.o
 .debug_aranges
                0x000007a0       0x28 ./src/COTS/APP/FCW/FCW_program.o
 .debug_aranges
                0x000007c8       0x28 ./src/COTS/APP/ACC/ACC_program.o
 .debug_aranges
                0x000007f0       0x20 ./src/main.o

.debug_pubnames
 *(.debug_pubnames)

.debug_info     0x00000000     0xb68a
 *(.debug_info .gnu.linkonce.wi.*)
 .debug_info    0x00000000      0x956 ./system/src/newlib/_exit.o
 .debug_info    0x00000956      0x942 ./system/src/newlib/_sbrk.o
 .debug_info    0x00001298      0x4bf ./system/src/newlib/_startup.o
 .debug_info    0x00001757      0xa19 ./system/src/newlib/_syscalls.o
 .debug_info    0x00002170      0xb2a ./system/src/diag/Trace.o
 .debug_info    0x00002c9a      0xb6b ./system/src/diag/trace_impl.o
 .debug_info    0x00003805      0xade ./system/src/cortexm/_initialize_hardware.o
 .debug_info    0x000042e3     0x115a ./system/src/cortexm/exception_handlers.o
 .debug_info    0x0000543d      0xcfe ./system/src/cmsis/system_stm32f4xx.o
 .debug_info    0x0000613b       0xca ./system/src/cmsis/vectors_stm32f401xc.o
 .debug_info    0x00006205      0xfea ./src/COTS/MCAL/UART/UART_program.o
 .debug_info    0x000071ef      0x56c ./src/COTS/MCAL/TIM1/TIM1_program.o
 .debug_info    0x0000775b      0x34d ./src/COTS/MCAL/SysTick/SysTick_program.o
 .debug_info    0x00007aa8      0x2b8 ./src/COTS/MCAL/RCC/MRCC_program.o
 .debug_info    0x00007d60      0x3c8 ./src/COTS/MCAL/NVIC/NVIC_program.o
 .debug_info    0x00008128      0x49b ./src/COTS/MCAL/GPIO/GPIO_program.o
 .debug_info    0x000085c3      0x3c1 ./src/COTS/MCAL/EXTI/EXTI_program.o
 .debug_info    0x00008984      0x2cc ./src/COTS/HAL/UltraSonic/UltraSonic_program.o
 .debug_info    0x00008c50      0x4c5 ./src/COTS/HAL/DCMOTOR/DCM_program.o
 .debug_info    0x00009115      0x36f ./src/COTS/HAL/Car_Movement/Car_Movement_program.o
 .debug_info    0x00009484      0x1e3 ./src/COTS/HAL/Bluetooth/Bluetooth_config.o
 .debug_info    0x00009667      0x4f2 ./src/COTS/HAL/Bluetooth/Bluetooth_program.o
 .debug_info    0x00009b59      0x216 ./src/COTS/HAL/BUZZER/BUZZER_program.o
 .debug_info    0x00009d6f      0x28e ./src/COTS/APP/Traditional_Mode/Traditional_Mode_program.o
 .debug_info    0x00009ffd      0x1fc ./src/COTS/APP/NCC/NCC_program.o
 .debug_info    0x0000a1f9      0xb35 ./src/COTS/APP/Mob_APP/Mob_APP_program.o
 .debug_info    0x0000ad2e      0x45c ./src/COTS/APP/FCW/FCW_program.o
 .debug_info    0x0000b18a      0x30c ./src/COTS/APP/ACC/ACC_program.o
 .debug_info    0x0000b496      0x1f4 ./src/main.o

.debug_abbrev   0x00000000     0x2aa6
 *(.debug_abbrev)
 .debug_abbrev  0x00000000      0x1f3 ./system/src/newlib/_exit.o
 .debug_abbrev  0x000001f3      0x1fc ./system/src/newlib/_sbrk.o
 .debug_abbrev  0x000003ef      0x1cb ./system/src/newlib/_startup.o
 .debug_abbrev  0x000005ba      0x234 ./system/src/newlib/_syscalls.o
 .debug_abbrev  0x000007ee      0x276 ./system/src/diag/Trace.o
 .debug_abbrev  0x00000a64      0x2ef ./system/src/diag/trace_impl.o
 .debug_abbrev  0x00000d53      0x1de ./system/src/cortexm/_initialize_hardware.o
 .debug_abbrev  0x00000f31      0x32b ./system/src/cortexm/exception_handlers.o
 .debug_abbrev  0x0000125c      0x216 ./system/src/cmsis/system_stm32f4xx.o
 .debug_abbrev  0x00001472       0x9d ./system/src/cmsis/vectors_stm32f401xc.o
 .debug_abbrev  0x0000150f      0x2cf ./src/COTS/MCAL/UART/UART_program.o
 .debug_abbrev  0x000017de      0x148 ./src/COTS/MCAL/TIM1/TIM1_program.o
 .debug_abbrev  0x00001926      0x18e ./src/COTS/MCAL/SysTick/SysTick_program.o
 .debug_abbrev  0x00001ab4       0xa6 ./src/COTS/MCAL/RCC/MRCC_program.o
 .debug_abbrev  0x00001b5a      0x10e ./src/COTS/MCAL/NVIC/NVIC_program.o
 .debug_abbrev  0x00001c68      0x142 ./src/COTS/MCAL/GPIO/GPIO_program.o
 .debug_abbrev  0x00001daa      0x168 ./src/COTS/MCAL/EXTI/EXTI_program.o
 .debug_abbrev  0x00001f12      0x11e ./src/COTS/HAL/UltraSonic/UltraSonic_program.o
 .debug_abbrev  0x00002030      0x111 ./src/COTS/HAL/DCMOTOR/DCM_program.o
 .debug_abbrev  0x00002141       0xf0 ./src/COTS/HAL/Car_Movement/Car_Movement_program.o
 .debug_abbrev  0x00002231       0x73 ./src/COTS/HAL/Bluetooth/Bluetooth_config.o
 .debug_abbrev  0x000022a4      0x132 ./src/COTS/HAL/Bluetooth/Bluetooth_program.o
 .debug_abbrev  0x000023d6       0xd9 ./src/COTS/HAL/BUZZER/BUZZER_program.o
 .debug_abbrev  0x000024af       0xa3 ./src/COTS/APP/Traditional_Mode/Traditional_Mode_program.o
 .debug_abbrev  0x00002552       0xa3 ./src/COTS/APP/NCC/NCC_program.o
 .debug_abbrev  0x000025f5      0x219 ./src/COTS/APP/Mob_APP/Mob_APP_program.o
 .debug_abbrev  0x0000280e       0xfe ./src/COTS/APP/FCW/FCW_program.o
 .debug_abbrev  0x0000290c       0xe4 ./src/COTS/APP/ACC/ACC_program.o
 .debug_abbrev  0x000029f0       0xb6 ./src/main.o

.debug_line     0x00000000     0x7756
 *(.debug_line)
 .debug_line    0x00000000      0x363 ./system/src/newlib/_exit.o
 .debug_line    0x00000363      0x317 ./system/src/newlib/_sbrk.o
 .debug_line    0x0000067a      0x3df ./system/src/newlib/_startup.o
 .debug_line    0x00000a59      0x432 ./system/src/newlib/_syscalls.o
 .debug_line    0x00000e8b      0x3df ./system/src/diag/Trace.o
 .debug_line    0x0000126a      0xad3 ./system/src/diag/trace_impl.o
 .debug_line    0x00001d3d      0xa3c ./system/src/cortexm/_initialize_hardware.o
 .debug_line    0x00002779      0xb8a ./system/src/cortexm/exception_handlers.o
 .debug_line    0x00003303      0xa42 ./system/src/cmsis/system_stm32f4xx.o
 .debug_line    0x00003d45      0x107 ./system/src/cmsis/vectors_stm32f401xc.o
 .debug_line    0x00003e4c      0x5c5 ./src/COTS/MCAL/UART/UART_program.o
 .debug_line    0x00004411      0x4c6 ./src/COTS/MCAL/TIM1/TIM1_program.o
 .debug_line    0x000048d7      0x275 ./src/COTS/MCAL/SysTick/SysTick_program.o
 .debug_line    0x00004b4c      0x162 ./src/COTS/MCAL/RCC/MRCC_program.o
 .debug_line    0x00004cae      0x1a3 ./src/COTS/MCAL/NVIC/NVIC_program.o
 .debug_line    0x00004e51      0x251 ./src/COTS/MCAL/GPIO/GPIO_program.o
 .debug_line    0x000050a2      0x22a ./src/COTS/MCAL/EXTI/EXTI_program.o
 .debug_line    0x000052cc      0x2b8 ./src/COTS/HAL/UltraSonic/UltraSonic_program.o
 .debug_line    0x00005584      0x2fd ./src/COTS/HAL/DCMOTOR/DCM_program.o
 .debug_line    0x00005881      0x32a ./src/COTS/HAL/Car_Movement/Car_Movement_program.o
 .debug_line    0x00005bab      0x1f7 ./src/COTS/HAL/Bluetooth/Bluetooth_config.o
 .debug_line    0x00005da2      0x340 ./src/COTS/HAL/Bluetooth/Bluetooth_program.o
 .debug_line    0x000060e2      0x1c0 ./src/COTS/HAL/BUZZER/BUZZER_program.o
 .debug_line    0x000062a2      0x2a9 ./src/COTS/APP/Traditional_Mode/Traditional_Mode_program.o
 .debug_line    0x0000654b      0x213 ./src/COTS/APP/NCC/NCC_program.o
 .debug_line    0x0000675e      0x6ce ./src/COTS/APP/Mob_APP/Mob_APP_program.o
 .debug_line    0x00006e2c      0x371 ./src/COTS/APP/FCW/FCW_program.o
 .debug_line    0x0000719d      0x329 ./src/COTS/APP/ACC/ACC_program.o
 .debug_line    0x000074c6      0x290 ./src/main.o

.debug_frame    0x00000000     0x15d0
 *(.debug_frame)
 .debug_frame   0x00000000       0x38 ./system/src/newlib/_exit.o
 .debug_frame   0x00000038       0x28 ./system/src/newlib/_sbrk.o
 .debug_frame   0x00000060       0x7c ./system/src/newlib/_startup.o
 .debug_frame   0x000000dc       0x50 ./system/src/newlib/_syscalls.o
 .debug_frame   0x0000012c       0x94 ./system/src/diag/Trace.o
 .debug_frame   0x000001c0       0x64 ./system/src/diag/trace_impl.o
 .debug_frame   0x00000224       0x40 ./system/src/cortexm/_initialize_hardware.o
 .debug_frame   0x00000264      0x158 ./system/src/cortexm/exception_handlers.o
 .debug_frame   0x000003bc       0x30 ./system/src/cmsis/system_stm32f4xx.o
 .debug_frame   0x000003ec       0x20 ./system/src/cmsis/vectors_stm32f401xc.o
 .debug_frame   0x0000040c      0x19c ./src/COTS/MCAL/UART/UART_program.o
 .debug_frame   0x000005a8      0x14c ./src/COTS/MCAL/TIM1/TIM1_program.o
 .debug_frame   0x000006f4      0x120 ./src/COTS/MCAL/SysTick/SysTick_program.o
 .debug_frame   0x00000814       0x40 ./src/COTS/MCAL/RCC/MRCC_program.o
 .debug_frame   0x00000854       0x9c ./src/COTS/MCAL/NVIC/NVIC_program.o
 .debug_frame   0x000008f0      0x114 ./src/COTS/MCAL/GPIO/GPIO_program.o
 .debug_frame   0x00000a04      0x144 ./src/COTS/MCAL/EXTI/EXTI_program.o
 .debug_frame   0x00000b48       0x5c ./src/COTS/HAL/UltraSonic/UltraSonic_program.o
 .debug_frame   0x00000ba4       0xb4 ./src/COTS/HAL/DCMOTOR/DCM_program.o
 .debug_frame   0x00000c58       0xd0 ./src/COTS/HAL/Car_Movement/Car_Movement_program.o
 .debug_frame   0x00000d28      0x134 ./src/COTS/HAL/Bluetooth/Bluetooth_program.o
 .debug_frame   0x00000e5c       0x74 ./src/COTS/HAL/BUZZER/BUZZER_program.o
 .debug_frame   0x00000ed0       0x2c ./src/COTS/APP/Traditional_Mode/Traditional_Mode_program.o
 .debug_frame   0x00000efc       0x2c ./src/COTS/APP/NCC/NCC_program.o
 .debug_frame   0x00000f28       0x5c ./src/COTS/APP/Mob_APP/Mob_APP_program.o
 .debug_frame   0x00000f84       0x40 ./src/COTS/APP/FCW/FCW_program.o
 .debug_frame   0x00000fc4       0x40 ./src/COTS/APP/ACC/ACC_program.o
 .debug_frame   0x00001004       0x28 ./src/main.o
 .debug_frame   0x0000102c       0xac e:/parallel education diploma/imt_sdk_win_64/winarm/armgcc/bin/../lib/gcc/arm-none-eabi/7.2.1/thumb/v7e-m\libgcc.a(_arm_addsubdf3.o)
 .debug_frame   0x000010d8       0x50 e:/parallel education diploma/imt_sdk_win_64/winarm/armgcc/bin/../lib/gcc/arm-none-eabi/7.2.1/thumb/v7e-m\libgcc.a(_arm_muldivdf3.o)
 .debug_frame   0x00001128       0x24 e:/parallel education diploma/imt_sdk_win_64/winarm/armgcc/bin/../lib/gcc/arm-none-eabi/7.2.1/thumb/v7e-m\libgcc.a(_arm_truncdfsf2.o)
 .debug_frame   0x0000114c       0x4c e:/parallel education diploma/imt_sdk_win_64/winarm/armgcc/bin/../lib/gcc/arm-none-eabi/7.2.1/thumb/v7e-m\libgcc.a(_arm_addsubsf3.o)
 .debug_frame   0x00001198       0xc8 e:/parallel education diploma/imt_sdk_win_64/winarm/armgcc/bin/../lib/gcc/arm-none-eabi/7.2.1/thumb/v7e-m\libgcc.a(_arm_cmpsf2.o)
 .debug_frame   0x00001260       0x20 e:/parallel education diploma/imt_sdk_win_64/winarm/armgcc/bin/../lib/gcc/arm-none-eabi/7.2.1/../../../../arm-none-eabi/lib/thumb/v7e-m\libg_nano.a(lib_a-errno.o)
 .debug_frame   0x00001280       0x38 e:/parallel education diploma/imt_sdk_win_64/winarm/armgcc/bin/../lib/gcc/arm-none-eabi/7.2.1/../../../../arm-none-eabi/lib/thumb/v7e-m\libg_nano.a(lib_a-itoa.o)
 .debug_frame   0x000012b8       0x28 e:/parallel education diploma/imt_sdk_win_64/winarm/armgcc/bin/../lib/gcc/arm-none-eabi/7.2.1/../../../../arm-none-eabi/lib/thumb/v7e-m\libg_nano.a(lib_a-strcat.o)
 .debug_frame   0x000012e0       0x48 e:/parallel education diploma/imt_sdk_win_64/winarm/armgcc/bin/../lib/gcc/arm-none-eabi/7.2.1/../../../../arm-none-eabi/lib/thumb/v7e-m\libg_nano.a(lib_a-utoa.o)
 .debug_frame   0x00001328       0x4c e:/parallel education diploma/imt_sdk_win_64/winarm/armgcc/bin/../lib/gcc/arm-none-eabi/7.2.1/../../../../arm-none-eabi/lib/thumb/v7e-m\libg_nano.a(lib_a-vsnprintf.o)
 .debug_frame   0x00001374       0x90 e:/parallel education diploma/imt_sdk_win_64/winarm/armgcc/bin/../lib/gcc/arm-none-eabi/7.2.1/../../../../arm-none-eabi/lib/thumb/v7e-m\libg_nano.a(lib_a-nano-svfprintf.o)
 .debug_frame   0x00001404       0x60 e:/parallel education diploma/imt_sdk_win_64/winarm/armgcc/bin/../lib/gcc/arm-none-eabi/7.2.1/../../../../arm-none-eabi/lib/thumb/v7e-m\libg_nano.a(lib_a-nano-vfprintf_i.o)
 .debug_frame   0x00001464       0x28 e:/parallel education diploma/imt_sdk_win_64/winarm/armgcc/bin/../lib/gcc/arm-none-eabi/7.2.1/../../../../arm-none-eabi/lib/thumb/v7e-m\libg_nano.a(lib_a-memcpy-stub.o)
 .debug_frame   0x0000148c       0x28 e:/parallel education diploma/imt_sdk_win_64/winarm/armgcc/bin/../lib/gcc/arm-none-eabi/7.2.1/../../../../arm-none-eabi/lib/thumb/v7e-m\libg_nano.a(lib_a-memmove.o)
 .debug_frame   0x000014b4       0x38 e:/parallel education diploma/imt_sdk_win_64/winarm/armgcc/bin/../lib/gcc/arm-none-eabi/7.2.1/../../../../arm-none-eabi/lib/thumb/v7e-m\libg_nano.a(lib_a-nano-freer.o)
 .debug_frame   0x000014ec       0x2c e:/parallel education diploma/imt_sdk_win_64/winarm/armgcc/bin/../lib/gcc/arm-none-eabi/7.2.1/../../../../arm-none-eabi/lib/thumb/v7e-m\libg_nano.a(lib_a-nano-mallocr.o)
 .debug_frame   0x00001518       0x3c e:/parallel education diploma/imt_sdk_win_64/winarm/armgcc/bin/../lib/gcc/arm-none-eabi/7.2.1/../../../../arm-none-eabi/lib/thumb/v7e-m\libg_nano.a(lib_a-nano-reallocr.o)
 .debug_frame   0x00001554       0x2c e:/parallel education diploma/imt_sdk_win_64/winarm/armgcc/bin/../lib/gcc/arm-none-eabi/7.2.1/../../../../arm-none-eabi/lib/thumb/v7e-m\libg_nano.a(lib_a-sbrkr.o)
 .debug_frame   0x00001580       0x30 e:/parallel education diploma/imt_sdk_win_64/winarm/armgcc/bin/../lib/gcc/arm-none-eabi/7.2.1/../../../../arm-none-eabi/lib/thumb/v7e-m\libg_nano.a(lib_a-mlock.o)
 .debug_frame   0x000015b0       0x20 e:/parallel education diploma/imt_sdk_win_64/winarm/armgcc/bin/../lib/gcc/arm-none-eabi/7.2.1/../../../../arm-none-eabi/lib/thumb/v7e-m\libg_nano.a(lib_a-nano-msizer.o)

.debug_str      0x00000000    0x788ac
 *(.debug_str)
 .debug_str     0x00000000     0x7d0f ./system/src/newlib/_exit.o
                               0x7ee2 (size before relaxing)
 .debug_str     0x00007d0f      0x4f5 ./system/src/newlib/_sbrk.o
                               0x7294 (size before relaxing)
 .debug_str     0x00008204      0xc23 ./system/src/newlib/_startup.o
                               0x6a35 (size before relaxing)
 .debug_str     0x00008e27      0xe8b ./system/src/newlib/_syscalls.o
                               0x816f (size before relaxing)
 .debug_str     0x00009cb2      0x826 ./system/src/diag/Trace.o
                               0x865a (size before relaxing)
 .debug_str     0x0000a4d8    0x67a2e ./system/src/diag/trace_impl.o
                              0x70980 (size before relaxing)
 .debug_str     0x00071f06       0xc4 ./system/src/cortexm/_initialize_hardware.o
                              0x6f712 (size before relaxing)
 .debug_str     0x00071fca      0x1a6 ./system/src/cortexm/exception_handlers.o
                              0x70b0a (size before relaxing)
 .debug_str     0x00072170      0x164 ./system/src/cmsis/system_stm32f4xx.o
                              0x6f7f3 (size before relaxing)
 .debug_str     0x000722d4       0x59 ./system/src/cmsis/vectors_stm32f401xc.o
                               0x3872 (size before relaxing)
 .debug_str     0x0007232d     0x171b ./src/COTS/MCAL/UART/UART_program.o
                               0x7b4b (size before relaxing)
 .debug_str     0x00073a48     0x14bc ./src/COTS/MCAL/TIM1/TIM1_program.o
                               0x4d71 (size before relaxing)
 .debug_str     0x00074f04      0x443 ./src/COTS/MCAL/SysTick/SysTick_program.o
                               0x35e4 (size before relaxing)
 .debug_str     0x00075347     0x1227 ./src/COTS/MCAL/RCC/MRCC_program.o
                               0x4728 (size before relaxing)
 .debug_str     0x0007656e      0xa4c ./src/COTS/MCAL/NVIC/NVIC_program.o
                               0x3c12 (size before relaxing)
 .debug_str     0x00076fba      0x41a ./src/COTS/MCAL/GPIO/GPIO_program.o
                               0x399d (size before relaxing)
 .debug_str     0x000773d4      0x7fd ./src/COTS/MCAL/EXTI/EXTI_program.o
                               0x39a2 (size before relaxing)
 .debug_str     0x00077bd1      0x10f ./src/COTS/HAL/UltraSonic/UltraSonic_program.o
                               0x3be7 (size before relaxing)
 .debug_str     0x00077ce0      0x2a0 ./src/COTS/HAL/DCMOTOR/DCM_program.o
                               0x3b66 (size before relaxing)
 .debug_str     0x00077f80      0x1a7 ./src/COTS/HAL/Car_Movement/Car_Movement_program.o
                               0x3ae4 (size before relaxing)
 .debug_str     0x00078127       0x73 ./src/COTS/HAL/Bluetooth/Bluetooth_config.o
                               0x3b7e (size before relaxing)
 .debug_str     0x0007819a      0x1a5 ./src/COTS/HAL/Bluetooth/Bluetooth_program.o
                               0x4524 (size before relaxing)
 .debug_str     0x0007833f       0xfc ./src/COTS/HAL/BUZZER/BUZZER_program.o
                               0x36b6 (size before relaxing)
 .debug_str     0x0007843b      0x1f2 ./src/COTS/APP/Traditional_Mode/Traditional_Mode_program.o
                               0x35b8 (size before relaxing)
 .debug_str     0x0007862d       0x60 ./src/COTS/APP/NCC/NCC_program.o
                               0x353d (size before relaxing)
 .debug_str     0x0007868d      0x113 ./src/COTS/APP/Mob_APP/Mob_APP_program.o
                               0x6e1b (size before relaxing)
 .debug_str     0x000787a0       0x8b ./src/COTS/APP/FCW/FCW_program.o
                               0x3a68 (size before relaxing)
 .debug_str     0x0007882b       0x73 ./src/COTS/APP/ACC/ACC_program.o
                               0x39d1 (size before relaxing)
 .debug_str     0x0007889e        0xe ./src/main.o
                               0x3d59 (size before relaxing)

.debug_loc      0x00000000     0x271c
 *(.debug_loc)
 .debug_loc     0x00000000       0x85 ./system/src/newlib/_sbrk.o
 .debug_loc     0x00000085      0x2cb ./system/src/newlib/_startup.o
 .debug_loc     0x00000350       0x63 ./system/src/newlib/_syscalls.o
 .debug_loc     0x000003b3       0xf6 ./system/src/diag/Trace.o
 .debug_loc     0x000004a9      0x121 ./system/src/diag/trace_impl.o
 .debug_loc     0x000005ca      0x291 ./system/src/cortexm/exception_handlers.o
 .debug_loc     0x0000085b      0x13e ./system/src/cmsis/system_stm32f4xx.o
 .debug_loc     0x00000999      0x387 ./src/COTS/MCAL/UART/UART_program.o
 .debug_loc     0x00000d20      0x110 ./src/COTS/MCAL/TIM1/TIM1_program.o
 .debug_loc     0x00000e30      0x207 ./src/COTS/MCAL/SysTick/SysTick_program.o
 .debug_loc     0x00001037      0x166 ./src/COTS/MCAL/RCC/MRCC_program.o
 .debug_loc     0x0000119d      0x2fd ./src/COTS/MCAL/NVIC/NVIC_program.o
 .debug_loc     0x0000149a      0xa08 ./src/COTS/MCAL/GPIO/GPIO_program.o
 .debug_loc     0x00001ea2      0x1ef ./src/COTS/MCAL/EXTI/EXTI_program.o
 .debug_loc     0x00002091       0x80 ./src/COTS/HAL/UltraSonic/UltraSonic_program.o
 .debug_loc     0x00002111      0x1a1 ./src/COTS/HAL/DCMOTOR/DCM_program.o
 .debug_loc     0x000022b2       0x40 ./src/COTS/HAL/Car_Movement/Car_Movement_program.o
 .debug_loc     0x000022f2      0x11a ./src/COTS/HAL/Bluetooth/Bluetooth_program.o
 .debug_loc     0x0000240c       0x84 ./src/COTS/HAL/BUZZER/BUZZER_program.o
 .debug_loc     0x00002490       0xc6 ./src/COTS/APP/Traditional_Mode/Traditional_Mode_program.o
 .debug_loc     0x00002556       0xa5 ./src/COTS/APP/NCC/NCC_program.o
 .debug_loc     0x000025fb       0x41 ./src/COTS/APP/Mob_APP/Mob_APP_program.o
 .debug_loc     0x0000263c       0xe0 ./src/COTS/APP/FCW/FCW_program.o

.debug_macinfo
 *(.debug_macinfo)

.debug_weaknames
 *(.debug_weaknames)

.debug_funcnames
 *(.debug_funcnames)

.debug_typenames
 *(.debug_typenames)

.debug_varnames
 *(.debug_varnames)
OUTPUT(CarMovementModes_Project.elf elf32-littlearm)

.debug_ranges   0x00000000      0x6c8
 .debug_ranges  0x00000000       0x18 ./system/src/newlib/_exit.o
 .debug_ranges  0x00000018       0x10 ./system/src/newlib/_sbrk.o
 .debug_ranges  0x00000028       0x90 ./system/src/newlib/_startup.o
 .debug_ranges  0x000000b8       0x20 ./system/src/newlib/_syscalls.o
 .debug_ranges  0x000000d8       0x28 ./system/src/diag/Trace.o
 .debug_ranges  0x00000100       0x50 ./system/src/diag/trace_impl.o
 .debug_ranges  0x00000150       0x18 ./system/src/cortexm/_initialize_hardware.o
 .debug_ranges  0x00000168       0x80 ./system/src/cortexm/exception_handlers.o
 .debug_ranges  0x000001e8       0x18 ./system/src/cmsis/system_stm32f4xx.o
 .debug_ranges  0x00000200       0x10 ./system/src/cmsis/vectors_stm32f401xc.o
 .debug_ranges  0x00000210       0xa0 ./src/COTS/MCAL/UART/UART_program.o
 .debug_ranges  0x000002b0       0x90 ./src/COTS/MCAL/TIM1/TIM1_program.o
 .debug_ranges  0x00000340       0x88 ./src/COTS/MCAL/SysTick/SysTick_program.o
 .debug_ranges  0x000003c8       0x20 ./src/COTS/MCAL/RCC/MRCC_program.o
 .debug_ranges  0x000003e8       0x48 ./src/COTS/MCAL/NVIC/NVIC_program.o
 .debug_ranges  0x00000430       0x68 ./src/COTS/MCAL/GPIO/GPIO_program.o
 .debug_ranges  0x00000498       0x80 ./src/COTS/MCAL/EXTI/EXTI_program.o
 .debug_ranges  0x00000518       0x20 ./src/COTS/HAL/UltraSonic/UltraSonic_program.o
 .debug_ranges  0x00000538       0x38 ./src/COTS/HAL/DCMOTOR/DCM_program.o
 .debug_ranges  0x00000570       0x48 ./src/COTS/HAL/Car_Movement/Car_Movement_program.o
 .debug_ranges  0x000005b8       0x68 ./src/COTS/HAL/Bluetooth/Bluetooth_program.o
 .debug_ranges  0x00000620       0x28 ./src/COTS/HAL/BUZZER/BUZZER_program.o
 .debug_ranges  0x00000648       0x10 ./src/COTS/APP/Traditional_Mode/Traditional_Mode_program.o
 .debug_ranges  0x00000658       0x10 ./src/COTS/APP/NCC/NCC_program.o
 .debug_ranges  0x00000668       0x20 ./src/COTS/APP/Mob_APP/Mob_APP_program.o
 .debug_ranges  0x00000688       0x18 ./src/COTS/APP/FCW/FCW_program.o
 .debug_ranges  0x000006a0       0x18 ./src/COTS/APP/ACC/ACC_program.o
 .debug_ranges  0x000006b8       0x10 ./src/main.o

.debug_macro    0x00000000     0x5a8b
 .debug_macro   0x00000000      0x1b4 ./system/src/newlib/_exit.o
 .debug_macro   0x000001b4      0x10e ./system/src/newlib/_exit.o
 .debug_macro   0x000002c2       0x8d ./system/src/newlib/_exit.o
 .debug_macro   0x0000034f       0x35 ./system/src/newlib/_exit.o
 .debug_macro   0x00000384      0x169 ./system/src/newlib/_sbrk.o
 .debug_macro   0x000004ed      0x174 ./system/src/newlib/_sbrk.o
 .debug_macro   0x00000661       0x10 ./system/src/newlib/_sbrk.o
 .debug_macro   0x00000671      0x23b ./system/src/newlib/_sbrk.o
 .debug_macro   0x000008ac      0x173 ./system/src/newlib/_startup.o
 .debug_macro   0x00000a1f      0xa72 ./system/src/newlib/_startup.o
 .debug_macro   0x00001491      0x217 ./system/src/newlib/_syscalls.o
 .debug_macro   0x000016a8       0x1c ./system/src/newlib/_syscalls.o
 .debug_macro   0x000016c4       0x10 ./system/src/newlib/_syscalls.o
 .debug_macro   0x000016d4       0x10 ./system/src/newlib/_syscalls.o
 .debug_macro   0x000016e4       0x10 ./system/src/newlib/_syscalls.o
 .debug_macro   0x000016f4       0x35 ./system/src/newlib/_syscalls.o
 .debug_macro   0x00001729      0x122 ./system/src/newlib/_syscalls.o
 .debug_macro   0x0000184b       0x88 ./system/src/newlib/_syscalls.o
 .debug_macro   0x000018d3       0x2b ./system/src/newlib/_syscalls.o
 .debug_macro   0x000018fe      0x118 ./system/src/newlib/_syscalls.o
 .debug_macro   0x00001a16      0x189 ./system/src/newlib/_syscalls.o
 .debug_macro   0x00001b9f       0x16 ./system/src/newlib/_syscalls.o
 .debug_macro   0x00001bb5      0x1fb ./system/src/diag/Trace.o
 .debug_macro   0x00001db0       0x4c ./system/src/diag/Trace.o
 .debug_macro   0x00001dfc       0x16 ./system/src/diag/Trace.o
 .debug_macro   0x00001e12      0x52a ./system/src/diag/trace_impl.o
 .debug_macro   0x0000233c       0x22 ./system/src/diag/trace_impl.o
 .debug_macro   0x0000235e      0x4ee ./system/src/cortexm/_initialize_hardware.o
 .debug_macro   0x0000284c      0x557 ./system/src/cortexm/exception_handlers.o
 .debug_macro   0x00002da3       0x3b ./system/src/cortexm/exception_handlers.o
 .debug_macro   0x00002dde      0x4ea ./system/src/cmsis/system_stm32f4xx.o
 .debug_macro   0x000032c8       0x34 ./system/src/cmsis/vectors_stm32f401xc.o
 .debug_macro   0x000032fc      0x155 ./src/COTS/MCAL/UART/UART_program.o
 .debug_macro   0x00003451       0x10 ./src/COTS/MCAL/UART/UART_program.o
 .debug_macro   0x00003461       0x9e ./src/COTS/MCAL/UART/UART_program.o
 .debug_macro   0x000034ff      0x16e ./src/COTS/MCAL/UART/UART_program.o
 .debug_macro   0x0000366d       0x4c ./src/COTS/MCAL/UART/UART_program.o
 .debug_macro   0x000036b9       0x73 ./src/COTS/MCAL/TIM1/TIM1_program.o
 .debug_macro   0x0000372c       0x9a ./src/COTS/MCAL/TIM1/TIM1_program.o
 .debug_macro   0x000037c6      0x836 ./src/COTS/MCAL/TIM1/TIM1_program.o
 .debug_macro   0x00003ffc      0x211 ./src/COTS/MCAL/TIM1/TIM1_program.o
 .debug_macro   0x0000420d       0x51 ./src/COTS/MCAL/SysTick/SysTick_program.o
 .debug_macro   0x0000425e       0x48 ./src/COTS/MCAL/SysTick/SysTick_program.o
 .debug_macro   0x000042a6       0x28 ./src/COTS/MCAL/SysTick/SysTick_program.o
 .debug_macro   0x000042ce       0x51 ./src/COTS/MCAL/RCC/MRCC_program.o
 .debug_macro   0x0000431f      0x623 ./src/COTS/MCAL/RCC/MRCC_program.o
 .debug_macro   0x00004942      0x182 ./src/COTS/MCAL/RCC/MRCC_program.o
 .debug_macro   0x00004ac4       0x58 ./src/COTS/MCAL/NVIC/NVIC_program.o
 .debug_macro   0x00004b1c      0x2c2 ./src/COTS/MCAL/NVIC/NVIC_program.o
 .debug_macro   0x00004dde       0x5e ./src/COTS/MCAL/NVIC/NVIC_program.o
 .debug_macro   0x00004e3c       0x51 ./src/COTS/MCAL/GPIO/GPIO_program.o
 .debug_macro   0x00004e8d       0x2e ./src/COTS/MCAL/GPIO/GPIO_program.o
 .debug_macro   0x00004ebb       0x28 ./src/COTS/MCAL/GPIO/GPIO_program.o
 .debug_macro   0x00004ee3       0x5a ./src/COTS/MCAL/EXTI/EXTI_program.o
 .debug_macro   0x00004f3d       0x8b ./src/COTS/MCAL/EXTI/EXTI_program.o
 .debug_macro   0x00004fc8       0x2e ./src/COTS/MCAL/EXTI/EXTI_program.o
 .debug_macro   0x00004ff6       0xdd ./src/COTS/MCAL/EXTI/EXTI_program.o
 .debug_macro   0x000050d3       0x16 ./src/COTS/MCAL/EXTI/EXTI_program.o
 .debug_macro   0x000050e9       0x88 ./src/COTS/HAL/UltraSonic/UltraSonic_program.o
 .debug_macro   0x00005171       0x8c ./src/COTS/HAL/DCMOTOR/DCM_program.o
 .debug_macro   0x000051fd       0x16 ./src/COTS/HAL/DCMOTOR/DCM_program.o
 .debug_macro   0x00005213       0x5d ./src/COTS/HAL/DCMOTOR/DCM_program.o
 .debug_macro   0x00005270       0x10 ./src/COTS/HAL/DCMOTOR/DCM_program.o
 .debug_macro   0x00005280       0x96 ./src/COTS/HAL/Car_Movement/Car_Movement_program.o
 .debug_macro   0x00005316       0x2e ./src/COTS/HAL/Car_Movement/Car_Movement_program.o
 .debug_macro   0x00005344       0x6b ./src/COTS/HAL/Bluetooth/Bluetooth_config.o
 .debug_macro   0x000053af       0x88 ./src/COTS/HAL/Bluetooth/Bluetooth_program.o
 .debug_macro   0x00005437       0x6e ./src/COTS/HAL/BUZZER/BUZZER_program.o
 .debug_macro   0x000054a5       0x10 ./src/COTS/HAL/BUZZER/BUZZER_program.o
 .debug_macro   0x000054b5       0x89 ./src/COTS/APP/Traditional_Mode/Traditional_Mode_program.o
 .debug_macro   0x0000553e       0x6a ./src/COTS/APP/Traditional_Mode/Traditional_Mode_program.o
 .debug_macro   0x000055a8       0x89 ./src/COTS/APP/NCC/NCC_program.o
 .debug_macro   0x00005631      0x1ee ./src/COTS/APP/Mob_APP/Mob_APP_program.o
 .debug_macro   0x0000581f       0x4d ./src/COTS/APP/Mob_APP/Mob_APP_program.o
 .debug_macro   0x0000586c       0xb5 ./src/COTS/APP/FCW/FCW_program.o
 .debug_macro   0x00005921       0x10 ./src/COTS/APP/FCW/FCW_program.o
 .debug_macro   0x00005931       0xab ./src/COTS/APP/ACC/ACC_program.o
 .debug_macro   0x000059dc       0x10 ./src/COTS/APP/ACC/ACC_program.o
 .debug_macro   0x000059ec       0x9f ./src/main.o
